22:01:10 base SUMMARY base|n2|code                 rounds 3 agg median 43.4 mean 46.5 tok/s, tok/cycle 4.72
22:01:10 base SUMMARY base|n2|mix                  rounds 3 agg median 30.1 mean 31.7 tok/s, tok/cycle 2.83
22:01:10 base SUMMARY base|n2|prose                rounds 3 agg median 25.3 mean 24.1 tok/s, tok/cycle 2.29
22:05:53 ratio SUMMARY base|n2|code                 rounds 3 agg median 43.4 mean 46.5 tok/s, tok/cycle 4.72
22:05:53 ratio SUMMARY base|n2|mix                  rounds 3 agg median 30.1 mean 31.7 tok/s, tok/cycle 2.83
22:05:53 ratio SUMMARY base|n2|prose                rounds 3 agg median 25.3 mean 24.1 tok/s, tok/cycle 2.29
22:05:53 ratio SUMMARY ratio|n2|code                rounds 3 agg median 45.8 mean 47.8 tok/s, tok/cycle 4.34
22:05:53 ratio SUMMARY ratio|n2|mix                 rounds 3 agg median 36.1 mean 36.7 tok/s, tok/cycle 2.78
22:05:53 ratio SUMMARY ratio|n2|prose               rounds 3 agg median 30.0 mean 30.0 tok/s, tok/cycle 2.05
22:10:42 lambda SUMMARY base|n2|code                 rounds 3 agg median 43.4 mean 46.5 tok/s, tok/cycle 4.72
22:10:42 lambda SUMMARY base|n2|mix                  rounds 3 agg median 30.1 mean 31.7 tok/s, tok/cycle 2.83
22:10:42 lambda SUMMARY base|n2|prose                rounds 3 agg median 25.3 mean 24.1 tok/s, tok/cycle 2.29
22:10:42 lambda SUMMARY lambda|n2|code               rounds 3 agg median 46.2 mean 46.3 tok/s, tok/cycle 4.16
22:10:42 lambda SUMMARY lambda|n2|mix                rounds 3 agg median 35.8 mean 36.1 tok/s, tok/cycle 2.63
22:10:42 lambda SUMMARY lambda|n2|prose              rounds 3 agg median 32.1 mean 31.1 tok/s, tok/cycle 2.12
22:10:42 lambda SUMMARY ratio|n2|code                rounds 3 agg median 45.8 mean 47.8 tok/s, tok/cycle 4.34
22:10:42 lambda SUMMARY ratio|n2|mix                 rounds 3 agg median 36.1 mean 36.7 tok/s, tok/cycle 2.78
22:10:42 lambda SUMMARY ratio|n2|prose               rounds 3 agg median 30.0 mean 30.0 tok/s, tok/cycle 2.05
22:17:46 base SUMMARY base|n3|code                 rounds 3 agg median 56.6 mean 56.2 tok/s, tok/cycle 4.88
22:17:46 base SUMMARY base|n3|mix                  rounds 3 agg median 33.8 mean 36.6 tok/s, tok/cycle 2.86
22:17:46 base SUMMARY base|n3|prose                rounds 3 agg median 28.5 mean 28.8 tok/s, tok/cycle 2.30
22:23:38 ratio SUMMARY base|n3|code                 rounds 3 agg median 56.6 mean 56.2 tok/s, tok/cycle 4.88
22:23:38 ratio SUMMARY base|n3|mix                  rounds 3 agg median 33.8 mean 36.6 tok/s, tok/cycle 2.86
22:23:38 ratio SUMMARY base|n3|prose                rounds 3 agg median 28.5 mean 28.8 tok/s, tok/cycle 2.30
22:23:38 ratio SUMMARY ratio|n3|code                rounds 3 agg median 56.4 mean 56.2 tok/s, tok/cycle 4.48
22:23:38 ratio SUMMARY ratio|n3|mix                 rounds 3 agg median 42.1 mean 42.3 tok/s, tok/cycle 2.75
22:23:38 ratio SUMMARY ratio|n3|prose               rounds 3 agg median 37.4 mean 37.3 tok/s, tok/cycle 1.96
22:29:21 lambda SUMMARY base|n3|code                 rounds 3 agg median 56.6 mean 56.2 tok/s, tok/cycle 4.88
22:29:21 lambda SUMMARY base|n3|mix                  rounds 3 agg median 33.8 mean 36.6 tok/s, tok/cycle 2.86
22:29:21 lambda SUMMARY base|n3|prose                rounds 3 agg median 28.5 mean 28.8 tok/s, tok/cycle 2.30
22:29:21 lambda SUMMARY lambda|n3|code               rounds 3 agg median 57.0 mean 56.8 tok/s, tok/cycle 4.46
22:29:21 lambda SUMMARY lambda|n3|mix                rounds 3 agg median 42.0 mean 42.0 tok/s, tok/cycle 2.71
22:29:21 lambda SUMMARY lambda|n3|prose              rounds 3 agg median 37.8 mean 37.9 tok/s, tok/cycle 1.97
22:29:21 lambda SUMMARY ratio|n3|code                rounds 3 agg median 56.4 mean 56.2 tok/s, tok/cycle 4.48
22:29:21 lambda SUMMARY ratio|n3|mix                 rounds 3 agg median 42.1 mean 42.3 tok/s, tok/cycle 2.75
22:29:21 lambda SUMMARY ratio|n3|prose               rounds 3 agg median 37.4 mean 37.3 tok/s, tok/cycle 1.96
22:37:13 base SUMMARY base|n4|code                 rounds 3 agg median 63.8 mean 65.1 tok/s, tok/cycle 4.95
22:37:13 base SUMMARY base|n4|mix                  rounds 3 agg median 44.0 mean 43.3 tok/s, tok/cycle 2.95
22:37:13 base SUMMARY base|n4|prose                rounds 3 agg median 33.6 mean 33.8 tok/s, tok/cycle 2.40
22:43:55 ratio SUMMARY base|n4|code                 rounds 3 agg median 63.8 mean 65.1 tok/s, tok/cycle 4.95
22:43:55 ratio SUMMARY base|n4|mix                  rounds 3 agg median 44.0 mean 43.3 tok/s, tok/cycle 2.95
22:43:55 ratio SUMMARY base|n4|prose                rounds 3 agg median 33.6 mean 33.8 tok/s, tok/cycle 2.40
22:43:55 ratio SUMMARY ratio|n4|code                rounds 3 agg median 64.1 mean 64.9 tok/s, tok/cycle 4.54
22:43:55 ratio SUMMARY ratio|n4|mix                 rounds 3 agg median 48.2 mean 47.9 tok/s, tok/cycle 2.73
22:43:55 ratio SUMMARY ratio|n4|prose               rounds 3 agg median 44.7 mean 44.6 tok/s, tok/cycle 2.04
22:50:37 lambda SUMMARY base|n4|code                 rounds 3 agg median 63.8 mean 65.1 tok/s, tok/cycle 4.95
22:50:37 lambda SUMMARY base|n4|mix                  rounds 3 agg median 44.0 mean 43.3 tok/s, tok/cycle 2.95
22:50:37 lambda SUMMARY base|n4|prose                rounds 3 agg median 33.6 mean 33.8 tok/s, tok/cycle 2.40
22:50:37 lambda SUMMARY lambda|n4|code               rounds 3 agg median 66.9 mean 67.2 tok/s, tok/cycle 4.75
22:50:37 lambda SUMMARY lambda|n4|mix                rounds 3 agg median 48.6 mean 48.4 tok/s, tok/cycle 2.57
22:50:37 lambda SUMMARY lambda|n4|prose              rounds 3 agg median 45.6 mean 45.3 tok/s, tok/cycle 2.06
22:50:37 lambda SUMMARY ratio|n4|code                rounds 3 agg median 64.1 mean 64.9 tok/s, tok/cycle 4.54
22:50:37 lambda SUMMARY ratio|n4|mix                 rounds 3 agg median 48.2 mean 47.9 tok/s, tok/cycle 2.73
22:50:37 lambda SUMMARY ratio|n4|prose               rounds 3 agg median 44.7 mean 44.6 tok/s, tok/cycle 2.04
