
==========
== CUDA ==
==========

CUDA Version 13.0.2

Container image Copyright (c) 2016-2023, NVIDIA CORPORATION & AFFILIATES. All rights reserved.

This container image and its contents are governed by the NVIDIA Deep Learning Container License.
By pulling and using the container, you accept the terms and conditions of this license:
https://developer.nvidia.com/ngc/nvidia-deep-learning-container-license

A copy of this license is made available in this container at /NGC-DL-CONTAINER-LICENSE for your convenience.

spark-365c:1:1 [0] NCCL INFO ENV/Plugin: Could not find: libnccl-env.so
spark-365c:1:1 [0] NCCL INFO cudaDriverVersion 13000
spark-365c:1:1 [0] NCCL INFO NCCL_SOCKET_IFNAME set to enP7s7
spark-365c:1:1 [0] NCCL INFO NCCL version 2.31.2+cuda13.0
spark-365c:1:1 [0] NCCL INFO NCCL git version master nccl4py-v0.2.0-1041-gfd168324
spark-365c:1:1 [0] NCCL INFO NCCL_NET_PLUGIN set by environment to none
spark-365c:1:1 [0] NCCL INFO dlvsym failed on mlx5dv_get_data_direct_sysfs_path - /usr/lib/aarch64-linux-gnu/libmlx5.so: undefined symbol: mlx5dv_get_data_direct_sysfs_path, version MLX5_1.25 version MLX5_1.25
spark-365c:1:1 [0] NCCL INFO dlvsym failed on mlx5dv_reg_dmabuf_mr - /usr/lib/aarch64-linux-gnu/libmlx5.so: undefined symbol: mlx5dv_reg_dmabuf_mr, version MLX5_1.25 version MLX5_1.25
spark-365c:1:1 [0] NCCL INFO NCCL_IB_HCA set to =roceP2p1s0f0,roceP2p1s0f1
spark-365c:1:1 [0] NCCL INFO NET/IB: [2] roceP2p1s0f0:uverbs2:1/RoCE provider=Mlx5 speed=200000 context=0x4e2d8660 pciPath=/sys/devices/pci0002:00/0002:00:00.0/0002:01:00.0 ar=0 oooRqSize=0
spark-365c:1:1 [0] NCCL INFO NET/IB: [3] roceP2p1s0f1:uverbs3:1/RoCE provider=Mlx5 speed=200000 context=0x4e319d60 pciPath=/sys/devices/pci0002:00/0002:00:00.0/0002:01:00.0 ar=0 oooRqSize=0
spark-365c:1:1 [0] NCCL INFO NET/IB : Made virtual device [0] name=roceP2p1s0f0 speed=200000 ndevs=1 rail=-1 plane=-1
spark-365c:1:1 [0] NCCL INFO NET/IB : Made virtual device [1] name=roceP2p1s0f1 speed=200000 ndevs=1 rail=-1 plane=-1
spark-365c:1:1 [0] NCCL INFO NET/IB : Using [0]roceP2p1s0f0:1/RoCE [1]roceP2p1s0f1:1/RoCE [RO]; OOB enP7s7:192.168.1.88<0>
spark-365c:1:1 [0] NCCL INFO Initialized NET plugin IB
spark-365c:1:1 [0] NCCL INFO Assigned NET plugin IB to comm
spark-365c:1:1 [0] NCCL INFO RMA/Plugin: Could not find: libnccl-rma.so
spark-365c:1:1 [0] NCCL INFO RMA/Plugin: Assigned plugin RMA_IB_PROXY to comm
spark-365c:1:1 [0] NCCL INFO GIN/Plugin: Could not find: libnccl-gin.so
spark-365c:1:1 [0] NCCL INFO Using network IB
spark-365c:1:1 [0] NCCL INFO Loaded NVML from libnvidia-ml.so.1
spark-365c:1:1 [0] NCCL INFO [Rank 1] ncclCommInitRank comm 0x4a34d1c0 rank 1 nranks 4 cudaDev 0 nvmlDev 0 busId f01000 commId 0xd3c8e5a3c9327cdc - Init START
spark-365c:1:1 [0] NCCL INFO RAS client listening socket at 127.0.0.1<28028>
spark-365c:1:1 [0] NCCL INFO NET/GIN_IB_GDAKI : GPU Direct RDMA Disabled for HCA 0 'roceP2p1s0f0'
spark-365c:1:1 [0] NCCL INFO NET/GIN_IB_GDAKI : GPU Direct RDMA Disabled for HCA 1 'roceP2p1s0f1'
spark-365c:1:1 [0] NCCL INFO NET/RMA_IB_PROXY : GPU Direct RDMA Disabled for HCA 0 'roceP2p1s0f0'
spark-365c:1:1 [0] NCCL INFO NET/RMA_IB_PROXY : GPU Direct RDMA Disabled for HCA 1 'roceP2p1s0f1'
spark-365c:1:1 [0] NCCL INFO NET/IB : GPU Direct RDMA Disabled for HCA 0 'roceP2p1s0f0'
spark-365c:1:1 [0] NCCL INFO NET/IB : GPU Direct RDMA Disabled for HCA 1 'roceP2p1s0f1'
spark-365c:1:1 [0] NCCL INFO NET/IB : Made virtual device [2] name=roceP2p1s0f0+roceP2p1s0f1 speed=400000 ndevs=2 rail=-1 plane=16385
spark-365c:1:1 [0] NCCL INFO NET/IB : GPU Direct RDMA Disabled for HCA 2 'roceP2p1s0f0+roceP2p1s0f1'
spark-365c:1:1 [0] NCCL INFO ncclTopoGetCpuAffinity: Affinity for GPU 0 is empty, ignoring. (GPU affinity = ).
spark-365c:1:1 [0] NCCL INFO Rank 1: 3 Net devices
spark-365c:1:1 [0] NCCL INFO Rank 1: 0 CollNet devices
spark-365c:1:1 [0] NCCL INFO comm 0x4a34d1c0 rank 1 nRanks 4 nNodes 4 localRanks 1 localRank 0 MNNVL 0
spark-365c:1:1 [0] NCCL INFO Trees [0] -1/-1/-1->1->2
spark-365c:1:1 [0] NCCL INFO P2P Chunksize set to 262144
spark-365c:1:1 [0] NCCL INFO Tuning P2P operations with maxP2pPeers = 4
spark-365c:1:1 [0] NCCL INFO PROFILER/Plugin: Could not find: libnccl-profiler.so
spark-365c:1:1 [0] NCCL INFO Check P2P Type isAllDirectP2p 1 directMode 0 isAllCudaP2p 1
spark-365c:1:56 [0] NCCL INFO [Proxy Service] Device 0 CPU core 8
spark-365c:1:56 [0] NCCL INFO proxy listening socket at 192.168.1.88<57035>
spark-365c:1:57 [0] NCCL INFO [Proxy Service UDS] Device 0 CPU core 17
spark-365c:1:1 [0] NCCL INFO TUNER/Plugin: Could not find: libnccl-tuner.so
spark-365c:1:1 [0] NCCL INFO threadThresholds 8/8/64 | 32/8/64 | 512 | 512
spark-365c:1:1 [0] NCCL INFO 1 coll channels, 1 collnet channels, 0 nvls channels, 1 p2p channels, 1 p2p channels per peer
spark-365c:1:1 [0] NCCL INFO symmetricSupport 0, cuMemEnable 1, globalGinSupport 0, cuMemGdrSupport 0, contiguousRanksPerHost 1, crossNicSupport 1
spark-365c:1:1 [0] NCCL INFO ncclCommInitRank comm 0x4a34d1c0 rank 1 nranks 4 cudaDev 0 nvmlDev 0 busId f01000 commId 0xd3c8e5a3c9327cdc - Init COMPLETE
spark-365c:1:1 [0] NCCL INFO Init timings - ncclCommInitRank: rank 1 nranks 4 total 0.25 (kernels 0.18, alloc 0.05, bootstrap 0.01, allgathers 0.00, topo 0.01, graphs 0.00, connections 0.00, rest 0.00)
spark-365c:1:1 [0] NCCL INFO Channel 00/0 : 0[0] -> 1[0] [receive] via NET/IB/2
spark-365c:1:1 [0] NCCL INFO Channel 00/0 : 1[0] -> 2[0] [send] via NET/IB/2
spark-365c:1:58 [0] NCCL INFO [Proxy Progress] Device 0 CPU core 1
spark-365c:1:56 [0] NCCL INFO NET/IB: Subnet-aware routing: overriding dev 2 with dev 0
spark-365c:1:56 [0] NCCL INFO NET/IB: ncclIbResiliencyInit: Resiliency is disabled on the send communicator (comm=0xf57cf000e000)
spark-365c:1:56 [0] NCCL INFO NET/IB: Subnet-aware routing: overriding dev 2 with dev 0
spark-365c:1:56 [0] NCCL INFO NET/IB: ncclIbResiliencyInit: Resiliency is disabled on the recv communicator (comm=0xf57cf0060000)
spark-365c:1:56 [0] NCCL INFO NET/IB: ncclIbRecvCommInit: Receive work requests will be posted on-demand
spark-365c:1:56 [0] NCCL INFO NET/IB: Subnet-aware routing: overriding dev 2 with dev 0
spark-365c:1:56 [0] NCCL INFO NET/IB: Subnet-aware routing: overriding dev 2 with dev 0
spark-365c:1:56 [0] NCCL INFO NET/IB: Subnet-aware routing: overriding dev 2 with dev 0
spark-365c:1:56 [0] NCCL INFO NET/IB: Subnet-aware routing: overriding dev 2 with dev 0
spark-365c:1:56 [0] NCCL INFO NET/IB: Subnet-aware routing: overriding dev 2 with dev 0
spark-365c:1:56 [0] NCCL INFO NET/IB: Subnet-aware routing: overriding dev 2 with dev 0
spark-365c:1:56 [0] NCCL INFO NET/IB: Subnet-aware routing: overriding dev 2 with dev 0
spark-365c:1:56 [0] NCCL INFO NET/IB: Subnet-aware routing: overriding dev 2 with dev 0
spark-365c:1:56 [0] NCCL INFO NET/IB: Subnet-aware routing: overriding dev 2 with dev 0
spark-365c:1:56 [0] NCCL INFO NET/IB: Subnet-aware routing: overriding dev 2 with dev 0
spark-365c:1:56 [0] NCCL INFO NET/IB: Subnet-aware routing: overriding dev 2 with dev 0
spark-365c:1:56 [0] NCCL INFO NET/IB: Subnet-aware routing: overriding dev 2 with dev 0
spark-365c:1:56 [0] NCCL INFO NET/IB: Subnet-aware routing: overriding dev 2 with dev 0
spark-365c:1:56 [0] NCCL INFO NET/IB: Subnet-aware routing: overriding dev 2 with dev 0
spark-365c:1:56 [0] NCCL INFO NET/IB: Subnet-aware routing: overriding dev 2 with dev 0
spark-365c:1:56 [0] NCCL INFO NET/IB: Subnet-aware routing: overriding dev 2 with dev 0
spark-365c:1:56 [0] NCCL INFO NET/IB: Subnet-aware routing: overriding dev 2 with dev 0
spark-365c:1:56 [0] NCCL INFO NET/IB: Subnet-aware routing: overriding dev 2 with dev 0
spark-365c:1:56 [0] NCCL INFO NET/IB: Subnet-aware routing: overriding dev 2 with dev 0
spark-365c:1:56 [0] NCCL INFO NET/IB: Subnet-aware routing: overriding dev 2 with dev 0
spark-365c:1:56 [0] NCCL INFO NET/IB: Subnet-aware routing: overriding dev 2 with dev 0
spark-365c:1:56 [0] NCCL INFO NET/IB: Subnet-aware routing: overriding dev 2 with dev 0
spark-365c:1:56 [0] NCCL INFO NET/IB: Subnet-aware routing: overriding dev 2 with dev 0
spark-365c:1:56 [0] NCCL INFO NET/IB: Subnet-aware routing: overriding dev 2 with dev 0
spark-365c:1:56 [0] NCCL INFO NET/IB: Subnet-aware routing: overriding dev 2 with dev 0
spark-365c:1:56 [0] NCCL INFO NET/IB: Subnet-aware routing: overriding dev 2 with dev 0
spark-365c:1:56 [0] NCCL INFO NET/IB: Subnet-aware routing: overriding dev 2 with dev 0
spark-365c:1:56 [0] NCCL INFO NET/IB: Subnet-aware routing: overriding dev 2 with dev 0
spark-365c:1:56 [0] NCCL INFO NET/IB: Subnet-aware routing: overriding dev 2 with dev 0
spark-365c:1:56 [0] NCCL INFO NET/IB: Subnet-aware routing: overriding dev 2 with dev 0
spark-365c:1:56 [0] NCCL INFO NET/IB: Subnet-aware routing: overriding dev 2 with dev 0
spark-365c:1:56 [0] NCCL INFO NET/IB: Subnet-aware routing: overriding dev 2 with dev 0
spark-365c:1:56 [0] NCCL INFO NET/IB: Subnet-aware routing: overriding dev 2 with dev 0
spark-365c:1:56 [0] NCCL INFO NET/IB: Subnet-aware routing: overriding dev 2 with dev 0
spark-365c:1:56 [0] NCCL INFO NET/IB: Subnet-aware routing: overriding dev 2 with dev 0
spark-365c:1:56 [0] NCCL INFO NET/IB: Subnet-aware routing: overriding dev 2 with dev 0
spark-365c:1:56 [0] NCCL INFO NET/IB: Subnet-aware routing: overriding dev 2 with dev 0
spark-365c:1:56 [0] NCCL INFO NET/IB: Subnet-aware routing: overriding dev 2 with dev 0
spark-365c:1:56 [0] NCCL INFO NET/IB: Subnet-aware routing: overriding dev 2 with dev 0
spark-365c:1:56 [0] NCCL INFO NET/IB: Subnet-aware routing: overriding dev 2 with dev 0
spark-365c:1:56 [0] NCCL INFO NET/IB: Subnet-aware routing: overriding dev 2 with dev 0
spark-365c:1:56 [0] NCCL INFO NET/IB: Subnet-aware routing: overriding dev 2 with dev 0
spark-365c:1:56 [0] NCCL INFO NET/IB: Subnet-aware routing: overriding dev 2 with dev 0
spark-365c:1:56 [0] NCCL INFO NET/IB: Subnet-aware routing: overriding dev 2 with dev 0
spark-365c:1:56 [0] NCCL INFO NET/IB: Subnet-aware routing: overriding dev 2 with dev 0
spark-365c:1:56 [0] NCCL INFO NET/IB: Subnet-aware routing: overriding dev 2 with dev 0
spark-365c:1:56 [0] NCCL INFO NET/IB: Subnet-aware routing: overriding dev 2 with dev 0
spark-365c:1:56 [0] NCCL INFO NET/IB: Subnet-aware routing: overriding dev 2 with dev 0
spark-365c:1:56 [0] NCCL INFO NET/IB: Subnet-aware routing: overriding dev 2 with dev 0
spark-365c:1:56 [0] NCCL INFO NET/IB: Subnet-aware routing: overriding dev 2 with dev 0
spark-365c:1:56 [0] NCCL INFO NET/IB: Subnet-aware routing: overriding dev 2 with dev 0
spark-365c:1:56 [0] NCCL INFO NET/IB: Subnet-aware routing: overriding dev 2 with dev 0
spark-365c:1:56 [0] NCCL INFO NET/IB: Subnet-aware routing: overriding dev 2 with dev 0
spark-365c:1:56 [0] NCCL INFO NET/IB: Subnet-aware routing: overriding dev 2 with dev 0
spark-365c:1:56 [0] NCCL INFO NET/IB: Subnet-aware routing: overriding dev 2 with dev 0
spark-365c:1:56 [0] NCCL INFO NET/IB: Subnet-aware routing: overriding dev 2 with dev 0
spark-365c:1:56 [0] NCCL INFO NET/IB: Subnet-aware routing: overriding dev 2 with dev 0
spark-365c:1:56 [0] NCCL INFO NET/IB: Subnet-aware routing: overriding dev 2 with dev 0
spark-365c:1:56 [0] NCCL INFO NET/IB: Subnet-aware routing: overriding dev 2 with dev 0
spark-365c:1:56 [0] NCCL INFO NET/IB: Subnet-aware routing: overriding dev 2 with dev 0
spark-365c:1:56 [0] NCCL INFO NET/IB: Subnet-aware routing: overriding dev 2 with dev 0
spark-365c:1:56 [0] NCCL INFO NET/IB: Subnet-aware routing: overriding dev 2 with dev 0
spark-365c:1:56 [0] NCCL INFO NET/IB: Subnet-aware routing: overriding dev 2 with dev 0
spark-365c:1:56 [0] NCCL INFO NET/IB: Subnet-aware routing: overriding dev 2 with dev 0
spark-365c:1:56 [0] NCCL INFO NET/IB: Subnet-aware routing: overriding dev 2 with dev 0
spark-365c:1:56 [0] NCCL INFO NET/IB: Subnet-aware routing: overriding dev 2 with dev 0
spark-365c:1:56 [0] NCCL INFO NET/IB: Subnet-aware routing: overriding dev 2 with dev 0
spark-365c:1:56 [0] NCCL INFO NET/IB: Subnet-aware routing: overriding dev 2 with dev 0
spark-365c:1:56 [0] NCCL INFO NET/IB: Subnet-aware routing: overriding dev 2 with dev 0
spark-365c:1:56 [0] NCCL INFO NET/IB: Subnet-aware routing: overriding dev 2 with dev 0
spark-365c:1:56 [0] NCCL INFO NET/IB: Subnet-aware routing: overriding dev 2 with dev 0
spark-365c:1:56 [0] NCCL INFO NET/IB: Subnet-aware routing: overriding dev 2 with dev 0
spark-365c:1:56 [0] NCCL INFO NET/IB: Subnet-aware routing: overriding dev 2 with dev 0
spark-365c:1:56 [0] NCCL INFO NET/IB: Subnet-aware routing: overriding dev 2 with dev 0
spark-365c:1:56 [0] NCCL INFO NET/IB: Subnet-aware routing: overriding dev 2 with dev 0
spark-365c:1:56 [0] NCCL INFO NET/IB: Subnet-aware routing: overriding dev 2 with dev 0
spark-365c:1:56 [0] NCCL INFO NET/IB: Subnet-aware routing: overriding dev 2 with dev 0
spark-365c:1:56 [0] NCCL INFO NET/IB: Subnet-aware routing: overriding dev 2 with dev 0
spark-365c:1:56 [0] NCCL INFO NET/IB: Subnet-aware routing: overriding dev 2 with dev 0
spark-365c:1:56 [0] NCCL INFO NET/IB: Subnet-aware routing: overriding dev 2 with dev 0
spark-365c:1:56 [0] NCCL INFO NET/IB: Subnet-aware routing: overriding dev 2 with dev 0
spark-365c:1:56 [0] NCCL INFO NET/IB: Subnet-aware routing: overriding dev 2 with dev 0
spark-365c:1:56 [0] NCCL INFO NET/IB: Subnet-aware routing: overriding dev 2 with dev 0
spark-365c:1:56 [0] NCCL INFO NET/IB: Subnet-aware routing: overriding dev 2 with dev 0
spark-365c:1:56 [0] NCCL INFO NET/IB: Subnet-aware routing: overriding dev 2 with dev 0
spark-365c:1:56 [0] NCCL INFO NET/IB: Subnet-aware routing: overriding dev 2 with dev 0
spark-365c:1:56 [0] NCCL INFO NET/IB: Subnet-aware routing: overriding dev 2 with dev 0
spark-365c:1:56 [0] NCCL INFO NET/IB: Subnet-aware routing: overriding dev 2 with dev 0
spark-365c:1:56 [0] NCCL INFO NET/IB: Subnet-aware routing: overriding dev 2 with dev 0
spark-365c:1:56 [0] NCCL INFO NET/IB: Subnet-aware routing: overriding dev 2 with dev 0
spark-365c:1:56 [0] NCCL INFO NET/IB: Subnet-aware routing: overriding dev 2 with dev 0
spark-365c:1:56 [0] NCCL INFO NET/IB: Subnet-aware routing: overriding dev 2 with dev 0
spark-365c:1:56 [0] NCCL INFO NET/IB: Subnet-aware routing: overriding dev 2 with dev 0
spark-365c:1:56 [0] NCCL INFO NET/IB: Subnet-aware routing: overriding dev 2 with dev 0
spark-365c:1:56 [0] NCCL INFO NET/IB: Subnet-aware routing: overriding dev 2 with dev 0
spark-365c:1:56 [0] NCCL INFO NET/IB: Subnet-aware routing: overriding dev 2 with dev 0
spark-365c:1:56 [0] NCCL INFO NET/IB: Subnet-aware routing: overriding dev 2 with dev 0
spark-365c:1:56 [0] NCCL INFO NET/IB: Subnet-aware routing: overriding dev 2 with dev 0
spark-365c:1:56 [0] NCCL INFO NET/IB: Subnet-aware routing: overriding dev 2 with dev 0
spark-365c:1:56 [0] NCCL INFO NET/IB: Subnet-aware routing: overriding dev 2 with dev 0
spark-365c:1:56 [0] NCCL INFO NET/IB: Subnet-aware routing: overriding dev 2 with dev 0
spark-365c:1:56 [0] NCCL INFO NET/IB: Subnet-aware routing: overriding dev 2 with dev 0
spark-365c:1:56 [0] NCCL INFO NET/IB: Subnet-aware routing: overriding dev 2 with dev 0
spark-365c:1:56 [0] NCCL INFO NET/IB: Subnet-aware routing: overriding dev 2 with dev 0
spark-365c:1:56 [0] NCCL INFO NET/IB: Subnet-aware routing: overriding dev 2 with dev 0
spark-365c:1:56 [0] NCCL INFO NET/IB: Subnet-aware routing: overriding dev 2 with dev 0
spark-365c:1:56 [0] NCCL INFO NET/IB: Subnet-aware routing: overriding dev 2 with dev 0
spark-365c:1:56 [0] NCCL INFO NET/IB: Subnet-aware routing: overriding dev 2 with dev 0
spark-365c:1:56 [0] NCCL INFO NET/IB: Subnet-aware routing: overriding dev 2 with dev 0
spark-365c:1:56 [0] NCCL INFO NET/IB: Subnet-aware routing: overriding dev 2 with dev 0
spark-365c:1:56 [0] NCCL INFO NET/IB: Subnet-aware routing: overriding dev 2 with dev 0
spark-365c:1:56 [0] NCCL INFO NET/IB: Subnet-aware routing: overriding dev 2 with dev 0
spark-365c:1:56 [0] NCCL INFO NET/IB: Subnet-aware routing: overriding dev 2 with dev 0
spark-365c:1:56 [0] NCCL INFO NET/IB: Subnet-aware routing: overriding dev 2 with dev 0
spark-365c:1:56 [0] NCCL INFO NET/IB: Subnet-aware routing: overriding dev 2 with dev 0
spark-365c:1:56 [0] NCCL INFO NET/IB: Subnet-aware routing: overriding dev 2 with dev 0
spark-365c:1:56 [0] NCCL INFO NET/IB: Subnet-aware routing: overriding dev 2 with dev 0
spark-365c:1:56 [0] NCCL INFO NET/IB: Subnet-aware routing: overriding dev 2 with dev 0
spark-365c:1:56 [0] NCCL INFO NET/IB: Subnet-aware routing: overriding dev 2 with dev 0
spark-365c:1:56 [0] NCCL INFO NET/IB: Subnet-aware routing: overriding dev 2 with dev 0
spark-365c:1:56 [0] NCCL INFO NET/IB: Subnet-aware routing: overriding dev 2 with dev 0
spark-365c:1:56 [0] NCCL INFO NET/IB: Subnet-aware routing: overriding dev 2 with dev 0
spark-365c:1:56 [0] NCCL INFO NET/IB: Subnet-aware routing: overriding dev 2 with dev 0
spark-365c:1:56 [0] NCCL INFO NET/IB: Subnet-aware routing: overriding dev 2 with dev 0
spark-365c:1:56 [0] NCCL INFO NET/IB: Subnet-aware routing: overriding dev 2 with dev 0
spark-365c:1:56 [0] NCCL INFO NET/IB: Subnet-aware routing: overriding dev 2 with dev 0
spark-365c:1:56 [0] NCCL INFO NET/IB: Subnet-aware routing: overriding dev 2 with dev 0
spark-365c:1:56 [0] NCCL INFO NET/IB: Subnet-aware routing: overriding dev 2 with dev 0
spark-365c:1:56 [0] NCCL INFO NET/IB: Subnet-aware routing: overriding dev 2 with dev 0
spark-365c:1:56 [0] NCCL INFO NET/IB: Subnet-aware routing: overriding dev 2 with dev 0
spark-365c:1:56 [0] NCCL INFO NET/IB: Subnet-aware routing: overriding dev 2 with dev 0
spark-365c:1:56 [0] NCCL INFO NET/IB: Subnet-aware routing: overriding dev 2 with dev 0
spark-365c:1:56 [0] NCCL INFO NET/IB: Subnet-aware routing: overriding dev 2 with dev 0
spark-365c:1:56 [0] NCCL INFO NET/IB: Subnet-aware routing: overriding dev 2 with dev 0
spark-365c:1:56 [0] NCCL INFO NET/IB: Subnet-aware routing: overriding dev 2 with dev 0
spark-365c:1:56 [0] NCCL INFO NET/IB: Subnet-aware routing: overriding dev 2 with dev 0
spark-365c:1:56 [0] NCCL INFO NET/IB: Subnet-aware routing: overriding dev 2 with dev 0
spark-365c:1:56 [0] NCCL INFO NET/IB: Subnet-aware routing: overriding dev 2 with dev 0
spark-365c:1:56 [0] NCCL INFO NET/IB: Subnet-aware routing: overriding dev 2 with dev 0
spark-365c:1:56 [0] NCCL INFO NET/IB: Subnet-aware routing: overriding dev 2 with dev 0
spark-365c:1:56 [0] NCCL INFO NET/IB: Subnet-aware routing: overriding dev 2 with dev 0
spark-365c:1:56 [0] NCCL INFO NET/IB: Subnet-aware routing: overriding dev 2 with dev 0
spark-365c:1:56 [0] NCCL INFO NET/IB: Subnet-aware routing: overriding dev 2 with dev 0
spark-365c:1:56 [0] NCCL INFO NET/IB: Subnet-aware routing: overriding dev 2 with dev 0
spark-365c:1:56 [0] NCCL INFO NET/IB: Subnet-aware routing: overriding dev 2 with dev 0
spark-365c:1:56 [0] NCCL INFO NET/IB: Subnet-aware routing: overriding dev 2 with dev 0
spark-365c:1:56 [0] NCCL INFO NET/IB: Subnet-aware routing: overriding dev 2 with dev 0
spark-365c:1:56 [0] NCCL INFO NET/IB: Subnet-aware routing: overriding dev 2 with dev 0
spark-365c:1:56 [0] NCCL INFO NET/IB: Subnet-aware routing: overriding dev 2 with dev 0
spark-365c:1:56 [0] NCCL INFO NET/IB: Subnet-aware routing: overriding dev 2 with dev 0
spark-365c:1:56 [0] NCCL INFO NET/IB: Subnet-aware routing: overriding dev 2 with dev 0
spark-365c:1:56 [0] NCCL INFO NET/IB: Subnet-aware routing: overriding dev 2 with dev 0
spark-365c:1:56 [0] NCCL INFO NET/IB: Subnet-aware routing: overriding dev 2 with dev 0
spark-365c:1:56 [0] NCCL INFO NET/IB: Subnet-aware routing: overriding dev 2 with dev 0
spark-365c:1:56 [0] NCCL INFO NET/IB: Subnet-aware routing: overriding dev 2 with dev 0
spark-365c:1:56 [0] NCCL INFO NET/IB: Subnet-aware routing: overriding dev 2 with dev 0
spark-365c:1:56 [0] NCCL INFO NET/IB: Subnet-aware routing: overriding dev 2 with dev 0
spark-365c:1:56 [0] NCCL INFO NET/IB: Subnet-aware routing: overriding dev 2 with dev 0
spark-365c:1:56 [0] NCCL INFO NET/IB: Subnet-aware routing: overriding dev 2 with dev 0
spark-365c:1:56 [0] NCCL INFO NET/IB: Subnet-aware routing: overriding dev 2 with dev 0
spark-365c:1:56 [0] NCCL INFO NET/IB: Subnet-aware routing: overriding dev 2 with dev 0
spark-365c:1:56 [0] NCCL INFO NET/IB: Subnet-aware routing: overriding dev 2 with dev 0
spark-365c:1:56 [0] NCCL INFO NET/IB: Subnet-aware routing: overriding dev 2 with dev 0
spark-365c:1:56 [0] NCCL INFO NET/IB: Subnet-aware routing: overriding dev 2 with dev 0
spark-365c:1:56 [0] NCCL INFO NET/IB: Subnet-aware routing: overriding dev 2 with dev 0
spark-365c:1:56 [0] NCCL INFO NET/IB: Subnet-aware routing: overriding dev 2 with dev 0
spark-365c:1:56 [0] NCCL INFO NET/IB: Subnet-aware routing: overriding dev 2 with dev 0
spark-365c:1:56 [0] NCCL INFO NET/IB: Subnet-aware routing: overriding dev 2 with dev 0
spark-365c:1:56 [0] NCCL INFO NET/IB: Subnet-aware routing: overriding dev 2 with dev 0
spark-365c:1:56 [0] NCCL INFO NET/IB: Subnet-aware routing: overriding dev 2 with dev 0
spark-365c:1:56 [0] NCCL INFO NET/IB: Subnet-aware routing: overriding dev 2 with dev 0
spark-365c:1:56 [0] NCCL INFO NET/IB: Subnet-aware routing: overriding dev 2 with dev 0
spark-365c:1:56 [0] NCCL INFO NET/IB: Subnet-aware routing: overriding dev 2 with dev 0
spark-365c:1:56 [0] NCCL INFO NET/IB: Subnet-aware routing: overriding dev 2 with dev 0
spark-365c:1:56 [0] NCCL INFO NET/IB: Subnet-aware routing: overriding dev 2 with dev 0
spark-365c:1:56 [0] NCCL INFO NET/IB: Subnet-aware routing: overriding dev 2 with dev 0
spark-365c:1:56 [0] NCCL INFO NET/IB: Subnet-aware routing: overriding dev 2 with dev 0
spark-365c:1:56 [0] NCCL INFO NET/IB: Subnet-aware routing: overriding dev 2 with dev 0
spark-365c:1:56 [0] NCCL INFO NET/IB: Subnet-aware routing: overriding dev 2 with dev 0
spark-365c:1:56 [0] NCCL INFO NET/IB: Subnet-aware routing: overriding dev 2 with dev 0
spark-365c:1:56 [0] NCCL INFO NET/IB: Subnet-aware routing: overriding dev 2 with dev 0
spark-365c:1:56 [0] NCCL INFO NET/IB: Subnet-aware routing: overriding dev 2 with dev 0
spark-365c:1:56 [0] NCCL INFO NET/IB: Subnet-aware routing: overriding dev 2 with dev 0
spark-365c:1:56 [0] NCCL INFO NET/IB: Subnet-aware routing: overriding dev 2 with dev 0
spark-365c:1:56 [0] NCCL INFO NET/IB: Subnet-aware routing: overriding dev 2 with dev 0
spark-365c:1:56 [0] NCCL INFO NET/IB: Subnet-aware routing: overriding dev 2 with dev 0
spark-365c:1:56 [0] NCCL INFO NET/IB: Subnet-aware routing: overriding dev 2 with dev 0
spark-365c:1:56 [0] NCCL INFO NET/IB: Subnet-aware routing: overriding dev 2 with dev 0
spark-365c:1:56 [0] NCCL INFO NET/IB: Subnet-aware routing: overriding dev 2 with dev 0
spark-365c:1:56 [0] NCCL INFO NET/IB: Subnet-aware routing: overriding dev 2 with dev 0
spark-365c:1:56 [0] NCCL INFO NET/IB: Subnet-aware routing: overriding dev 2 with dev 0
spark-365c:1:56 [0] NCCL INFO NET/IB: Subnet-aware routing: overriding dev 2 with dev 0
spark-365c:1:56 [0] NCCL INFO NET/IB: Subnet-aware routing: overriding dev 2 with dev 0
spark-365c:1:56 [0] NCCL INFO NET/IB: Subnet-aware routing: overriding dev 2 with dev 0
spark-365c:1:56 [0] NCCL INFO NET/IB: Subnet-aware routing: overriding dev 2 with dev 0
spark-365c:1:56 [0] NCCL INFO NET/IB: Subnet-aware routing: overriding dev 2 with dev 0
spark-365c:1:56 [0] NCCL INFO NET/IB: Subnet-aware routing: overriding dev 2 with dev 0
spark-365c:1:56 [0] NCCL INFO NET/IB: Subnet-aware routing: overriding dev 2 with dev 0
spark-365c:1:56 [0] NCCL INFO NET/IB: Subnet-aware routing: overriding dev 2 with dev 0
spark-365c:1:56 [0] NCCL INFO NET/IB: Subnet-aware routing: overriding dev 2 with dev 0
spark-365c:1:56 [0] NCCL INFO NET/IB: Subnet-aware routing: overriding dev 2 with dev 0
spark-365c:1:56 [0] NCCL INFO NET/IB: Subnet-aware routing: overriding dev 2 with dev 0
spark-365c:1:56 [0] NCCL INFO NET/IB: Subnet-aware routing: overriding dev 2 with dev 0
spark-365c:1:56 [0] NCCL INFO NET/IB: Subnet-aware routing: overriding dev 2 with dev 0
spark-365c:1:56 [0] NCCL INFO NET/IB: Subnet-aware routing: overriding dev 2 with dev 0
spark-365c:1:56 [0] NCCL INFO NET/IB: Subnet-aware routing: overriding dev 2 with dev 0
spark-365c:1:56 [0] NCCL INFO NET/IB: Subnet-aware routing: overriding dev 2 with dev 0
spark-365c:1:56 [0] NCCL INFO NET/IB: Subnet-aware routing: overriding dev 2 with dev 0
spark-365c:1:56 [0] NCCL INFO NET/IB: Subnet-aware routing: overriding dev 2 with dev 0
spark-365c:1:56 [0] NCCL INFO NET/IB: Subnet-aware routing: overriding dev 2 with dev 0
spark-365c:1:56 [0] NCCL INFO NET/IB: Subnet-aware routing: overriding dev 2 with dev 0
spark-365c:1:56 [0] NCCL INFO NET/IB: Subnet-aware routing: overriding dev 2 with dev 0
spark-365c:1:56 [0] NCCL INFO NET/IB: Subnet-aware routing: overriding dev 2 with dev 0
spark-365c:1:56 [0] NCCL INFO NET/IB: Subnet-aware routing: overriding dev 2 with dev 0
spark-365c:1:56 [0] NCCL INFO NET/IB: Subnet-aware routing: overriding dev 2 with dev 0
spark-365c:1:56 [0] NCCL INFO NET/IB: Subnet-aware routing: overriding dev 2 with dev 0
spark-365c:1:56 [0] NCCL INFO NET/IB: Subnet-aware routing: overriding dev 2 with dev 0
spark-365c:1:56 [0] NCCL INFO NET/IB: Subnet-aware routing: overriding dev 2 with dev 0
spark-365c:1:56 [0] NCCL INFO NET/IB: Subnet-aware routing: overriding dev 2 with dev 0
spark-365c:1:56 [0] NCCL INFO NET/IB: Subnet-aware routing: overriding dev 2 with dev 0
spark-365c:1:56 [0] NCCL INFO NET/IB: Subnet-aware routing: overriding dev 2 with dev 0
spark-365c:1:56 [0] NCCL INFO NET/IB: Subnet-aware routing: overriding dev 2 with dev 0
spark-365c:1:56 [0] NCCL INFO NET/IB: Subnet-aware routing: overriding dev 2 with dev 0
spark-365c:1:56 [0] NCCL INFO NET/IB: Subnet-aware routing: overriding dev 2 with dev 0
spark-365c:1:56 [0] NCCL INFO NET/IB: Subnet-aware routing: overriding dev 2 with dev 0
spark-365c:1:56 [0] NCCL INFO NET/IB: Subnet-aware routing: overriding dev 2 with dev 0
spark-365c:1:56 [0] NCCL INFO NET/IB: Subnet-aware routing: overriding dev 2 with dev 0
spark-365c:1:56 [0] NCCL INFO NET/IB: Subnet-aware routing: overriding dev 2 with dev 0
spark-365c:1:56 [0] NCCL INFO NET/IB: Subnet-aware routing: overriding dev 2 with dev 0
spark-365c:1:56 [0] NCCL INFO NET/IB: Subnet-aware routing: overriding dev 2 with dev 0
spark-365c:1:56 [0] NCCL INFO NET/IB: Subnet-aware routing: overriding dev 2 with dev 0
spark-365c:1:56 [0] NCCL INFO NET/IB: Subnet-aware routing: overriding dev 2 with dev 0
spark-365c:1:56 [0] NCCL INFO NET/IB: Subnet-aware routing: overriding dev 2 with dev 0
spark-365c:1:56 [0] NCCL INFO NET/IB: Subnet-aware routing: overriding dev 2 with dev 0
spark-365c:1:56 [0] NCCL INFO NET/IB: Subnet-aware routing: overriding dev 2 with dev 0
spark-365c:1:56 [0] NCCL INFO NET/IB: Subnet-aware routing: overriding dev 2 with dev 0
spark-365c:1:56 [0] NCCL INFO NET/IB: Subnet-aware routing: overriding dev 2 with dev 0
spark-365c:1:56 [0] NCCL INFO NET/IB: Subnet-aware routing: overriding dev 2 with dev 0
spark-365c:1:56 [0] NCCL INFO NET/IB: Subnet-aware routing: overriding dev 2 with dev 0
spark-365c:1:56 [0] NCCL INFO NET/IB: Subnet-aware routing: overriding dev 2 with dev 0
spark-365c:1:56 [0] NCCL INFO NET/IB: Subnet-aware routing: overriding dev 2 with dev 0
spark-365c:1:56 [0] NCCL INFO NET/IB: Subnet-aware routing: overriding dev 2 with dev 0
spark-365c:1:56 [0] NCCL INFO NET/IB: Subnet-aware routing: overriding dev 2 with dev 0
spark-365c:1:56 [0] NCCL INFO NET/IB: Subnet-aware routing: overriding dev 2 with dev 0
spark-365c:1:56 [0] NCCL INFO NET/IB: Subnet-aware routing: overriding dev 2 with dev 0
spark-365c:1:56 [0] NCCL INFO NET/IB: Subnet-aware routing: overriding dev 2 with dev 0
spark-365c:1:56 [0] NCCL INFO NET/IB: Subnet-aware routing: overriding dev 2 with dev 0
spark-365c:1:56 [0] NCCL INFO NET/IB: Subnet-aware routing: overriding dev 2 with dev 0
spark-365c:1:56 [0] NCCL INFO NET/IB: Subnet-aware routing: overriding dev 2 with dev 0
spark-365c:1:56 [0] NCCL INFO NET/IB: Subnet-aware routing: overriding dev 2 with dev 0
spark-365c:1:56 [0] NCCL INFO NET/IB: Subnet-aware routing: overriding dev 2 with dev 0
spark-365c:1:56 [0] NCCL INFO NET/IB: Subnet-aware routing: overriding dev 2 with dev 0
spark-365c:1:56 [0] NCCL INFO NET/IB: Subnet-aware routing: overriding dev 2 with dev 0
spark-365c:1:56 [0] NCCL INFO NET/IB: Subnet-aware routing: overriding dev 2 with dev 0
spark-365c:1:56 [0] NCCL INFO NET/IB: Subnet-aware routing: overriding dev 2 with dev 0
spark-365c:1:56 [0] NCCL INFO NET/IB: Subnet-aware routing: overriding dev 2 with dev 0
spark-365c:1:56 [0] NCCL INFO NET/IB: Subnet-aware routing: overriding dev 2 with dev 0
spark-365c:1:56 [0] NCCL INFO NET/IB: Subnet-aware routing: overriding dev 2 with dev 0
spark-365c:1:56 [0] NCCL INFO NET/IB: Subnet-aware routing: overriding dev 2 with dev 0
spark-365c:1:56 [0] NCCL INFO NET/IB: Subnet-aware routing: overriding dev 2 with dev 0
spark-365c:1:56 [0] NCCL INFO NET/IB: Subnet-aware routing: overriding dev 2 with dev 0
spark-365c:1:56 [0] NCCL INFO NET/IB: Subnet-aware routing: overriding dev 2 with dev 0
spark-365c:1:56 [0] NCCL INFO NET/IB: Subnet-aware routing: overriding dev 2 with dev 0
spark-365c:1:56 [0] NCCL INFO NET/IB: Subnet-aware routing: overriding dev 2 with dev 0
spark-365c:1:56 [0] NCCL INFO NET/IB: Subnet-aware routing: overriding dev 2 with dev 0
spark-365c:1:56 [0] NCCL INFO NET/IB: Subnet-aware routing: overriding dev 2 with dev 0
spark-365c:1:56 [0] NCCL INFO NET/IB: Subnet-aware routing: overriding dev 2 with dev 0
spark-365c:1:56 [0] NCCL INFO NET/IB: Subnet-aware routing: overriding dev 2 with dev 0
spark-365c:1:56 [0] NCCL INFO NET/IB: Subnet-aware routing: overriding dev 2 with dev 0
spark-365c:1:56 [0] NCCL INFO NET/IB: Subnet-aware routing: overriding dev 2 with dev 0
spark-365c:1:56 [0] NCCL INFO NET/IB: Subnet-aware routing: overriding dev 2 with dev 0
spark-365c:1:56 [0] NCCL INFO NET/IB: Subnet-aware routing: overriding dev 2 with dev 0
spark-365c:1:56 [0] NCCL INFO NET/IB: Subnet-aware routing: overriding dev 2 with dev 0
spark-365c:1:56 [0] NCCL INFO NET/IB: Subnet-aware routing: overriding dev 2 with dev 0
spark-365c:1:56 [0] NCCL INFO NET/IB: Subnet-aware routing: overriding dev 2 with dev 0
spark-365c:1:56 [0] NCCL INFO NET/IB: Subnet-aware routing: overriding dev 2 with dev 0
spark-365c:1:56 [0] NCCL INFO NET/IB: Subnet-aware routing: overriding dev 2 with dev 0
spark-365c:1:56 [0] NCCL INFO NET/IB: Subnet-aware routing: overriding dev 2 with dev 0
spark-365c:1:56 [0] NCCL INFO NET/IB: Subnet-aware routing: overriding dev 2 with dev 0
spark-365c:1:56 [0] NCCL INFO NET/IB: Subnet-aware routing: overriding dev 2 with dev 0
spark-365c:1:56 [0] NCCL INFO NET/IB: Subnet-aware routing: overriding dev 2 with dev 0
spark-365c:1:56 [0] NCCL INFO NET/IB: Subnet-aware routing: overriding dev 2 with dev 0
spark-365c:1:56 [0] NCCL INFO NET/IB: Subnet-aware routing: overriding dev 2 with dev 0
spark-365c:1:56 [0] NCCL INFO NET/IB: Subnet-aware routing: overriding dev 2 with dev 0
spark-365c:1:56 [0] NCCL INFO NET/IB: Subnet-aware routing: overriding dev 2 with dev 0
spark-365c:1:56 [0] NCCL INFO NET/IB: Subnet-aware routing: overriding dev 2 with dev 0
spark-365c:1:56 [0] NCCL INFO NET/IB: Subnet-aware routing: overriding dev 2 with dev 0
spark-365c:1:56 [0] NCCL INFO NET/IB: Subnet-aware routing: overriding dev 2 with dev 0
spark-365c:1:56 [0] NCCL INFO NET/IB: Subnet-aware routing: overriding dev 2 with dev 0
spark-365c:1:56 [0] NCCL INFO NET/IB: Subnet-aware routing: overriding dev 2 with dev 0
spark-365c:1:56 [0] NCCL INFO NET/IB: Subnet-aware routing: overriding dev 2 with dev 0
spark-365c:1:56 [0] NCCL INFO NET/IB: Subnet-aware routing: overriding dev 2 with dev 0
spark-365c:1:56 [0] NCCL INFO NET/IB: Subnet-aware routing: overriding dev 2 with dev 0
spark-365c:1:56 [0] NCCL INFO NET/IB: Subnet-aware routing: overriding dev 2 with dev 0
spark-365c:1:56 [0] NCCL INFO NET/IB: Subnet-aware routing: overriding dev 2 with dev 0
spark-365c:1:56 [0] NCCL INFO NET/IB: Subnet-aware routing: overriding dev 2 with dev 0
spark-365c:1:56 [0] NCCL INFO NET/IB: Subnet-aware routing: overriding dev 2 with dev 0
spark-365c:1:56 [0] NCCL INFO NET/IB: Subnet-aware routing: overriding dev 2 with dev 0
spark-365c:1:56 [0] NCCL INFO NET/IB: Subnet-aware routing: overriding dev 2 with dev 0
spark-365c:1:56 [0] NCCL INFO NET/IB: Subnet-aware routing: overriding dev 2 with dev 0
spark-365c:1:56 [0] NCCL INFO NET/IB: Subnet-aware routing: overriding dev 2 with dev 0
spark-365c:1:56 [0] NCCL INFO NET/IB: Subnet-aware routing: overriding dev 2 with dev 0
spark-365c:1:56 [0] NCCL INFO NET/IB: Subnet-aware routing: overriding dev 2 with dev 0
spark-365c:1:56 [0] NCCL INFO NET/IB: Subnet-aware routing: overriding dev 2 with dev 0
spark-365c:1:56 [0] NCCL INFO NET/IB: Subnet-aware routing: overriding dev 2 with dev 0
spark-365c:1:56 [0] NCCL INFO NET/IB: Subnet-aware routing: overriding dev 2 with dev 0
spark-365c:1:56 [0] NCCL INFO NET/IB: Subnet-aware routing: overriding dev 2 with dev 0
spark-365c:1:56 [0] NCCL INFO NET/IB: Subnet-aware routing: overriding dev 2 with dev 0
spark-365c:1:56 [0] NCCL INFO NET/IB: Subnet-aware routing: overriding dev 2 with dev 0
spark-365c:1:56 [0] NCCL INFO NET/IB: Subnet-aware routing: overriding dev 2 with dev 0
spark-365c:1:56 [0] NCCL INFO NET/IB: Subnet-aware routing: overriding dev 2 with dev 0
spark-365c:1:56 [0] NCCL INFO NET/IB: Subnet-aware routing: overriding dev 2 with dev 0
spark-365c:1:56 [0] NCCL INFO NET/IB: Subnet-aware routing: overriding dev 2 with dev 0
spark-365c:1:56 [0] NCCL INFO NET/IB: Subnet-aware routing: overriding dev 2 with dev 0
spark-365c:1:56 [0] NCCL INFO NET/IB: Subnet-aware routing: overriding dev 2 with dev 0
spark-365c:1:56 [0] NCCL INFO NET/IB: Subnet-aware routing: overriding dev 2 with dev 0
spark-365c:1:56 [0] NCCL INFO NET/IB: Subnet-aware routing: overriding dev 2 with dev 0
spark-365c:1:56 [0] NCCL INFO NET/IB: Subnet-aware routing: overriding dev 2 with dev 0
spark-365c:1:56 [0] NCCL INFO NET/IB: Subnet-aware routing: overriding dev 2 with dev 0
spark-365c:1:56 [0] NCCL INFO NET/IB: Subnet-aware routing: overriding dev 2 with dev 0
spark-365c:1:56 [0] NCCL INFO NET/IB: Subnet-aware routing: overriding dev 2 with dev 0
spark-365c:1:56 [0] NCCL INFO NET/IB: Subnet-aware routing: overriding dev 2 with dev 0
spark-365c:1:56 [0] NCCL INFO NET/IB: Subnet-aware routing: overriding dev 2 with dev 0
spark-365c:1:56 [0] NCCL INFO NET/IB: Subnet-aware routing: overriding dev 2 with dev 0
spark-365c:1:56 [0] NCCL INFO NET/IB: Subnet-aware routing: overriding dev 2 with dev 0
spark-365c:1:56 [0] NCCL INFO NET/IB: Subnet-aware routing: overriding dev 2 with dev 0
spark-365c:1:56 [0] NCCL INFO NET/IB: Subnet-aware routing: overriding dev 2 with dev 0
spark-365c:1:56 [0] NCCL INFO NET/IB: Subnet-aware routing: overriding dev 2 with dev 0
spark-365c:1:56 [0] NCCL INFO NET/IB: Subnet-aware routing: overriding dev 2 with dev 0
spark-365c:1:56 [0] NCCL INFO NET/IB: Subnet-aware routing: overriding dev 2 with dev 0
spark-365c:1:56 [0] NCCL INFO NET/IB: Subnet-aware routing: overriding dev 2 with dev 0
spark-365c:1:56 [0] NCCL INFO NET/IB: Subnet-aware routing: overriding dev 2 with dev 0
spark-365c:1:56 [0] NCCL INFO NET/IB: Subnet-aware routing: overriding dev 2 with dev 0
spark-365c:1:56 [0] NCCL INFO NET/IB: Subnet-aware routing: overriding dev 2 with dev 0
spark-365c:1:56 [0] NCCL INFO NET/IB: Subnet-aware routing: overriding dev 2 with dev 0
spark-365c:1:56 [0] NCCL INFO NET/IB: Subnet-aware routing: overriding dev 2 with dev 0
spark-365c:1:56 [0] NCCL INFO NET/IB: Subnet-aware routing: overriding dev 2 with dev 0
spark-365c:1:56 [0] NCCL INFO NET/IB: Subnet-aware routing: overriding dev 2 with dev 0
spark-365c:1:56 [0] NCCL INFO NET/IB: Subnet-aware routing: overriding dev 2 with dev 0
spark-365c:1:56 [0] NCCL INFO NET/IB: Subnet-aware routing: overriding dev 2 with dev 0
spark-365c:1:56 [0] NCCL INFO NET/IB: Subnet-aware routing: overriding dev 2 with dev 0
spark-365c:1:56 [0] NCCL INFO NET/IB: Subnet-aware routing: overriding dev 2 with dev 0
spark-365c:1:56 [0] NCCL INFO NET/IB: Subnet-aware routing: overriding dev 2 with dev 0
spark-365c:1:56 [0] NCCL INFO NET/IB: Subnet-aware routing: overriding dev 2 with dev 0
spark-365c:1:56 [0] NCCL INFO NET/IB: Subnet-aware routing: overriding dev 2 with dev 0
spark-365c:1:56 [0] NCCL INFO NET/IB: Subnet-aware routing: overriding dev 2 with dev 0
spark-365c:1:56 [0] NCCL INFO NET/IB: Subnet-aware routing: overriding dev 2 with dev 0
spark-365c:1:56 [0] NCCL INFO NET/IB: Subnet-aware routing: overriding dev 2 with dev 0
spark-365c:1:56 [0] NCCL INFO NET/IB: Subnet-aware routing: overriding dev 2 with dev 0
spark-365c:1:56 [0] NCCL INFO NET/IB: Subnet-aware routing: overriding dev 2 with dev 0
spark-365c:1:56 [0] NCCL INFO NET/IB: Subnet-aware routing: overriding dev 2 with dev 0
spark-365c:1:56 [0] NCCL INFO NET/IB: Subnet-aware routing: overriding dev 2 with dev 0
spark-365c:1:56 [0] NCCL INFO NET/IB: Subnet-aware routing: overriding dev 2 with dev 0
spark-365c:1:56 [0] NCCL INFO NET/IB: Subnet-aware routing: overriding dev 2 with dev 0
spark-365c:1:56 [0] NCCL INFO NET/IB: Subnet-aware routing: overriding dev 2 with dev 0
spark-365c:1:56 [0] NCCL INFO NET/IB: Subnet-aware routing: overriding dev 2 with dev 0
spark-365c:1:56 [0] NCCL INFO NET/IB: Subnet-aware routing: overriding dev 2 with dev 0
spark-365c:1:56 [0] NCCL INFO NET/IB: Subnet-aware routing: overriding dev 2 with dev 0
spark-365c:1:56 [0] NCCL INFO NET/IB: Subnet-aware routing: overriding dev 2 with dev 0
spark-365c:1:56 [0] NCCL INFO NET/IB: Subnet-aware routing: overriding dev 2 with dev 0
spark-365c:1:56 [0] NCCL INFO NET/IB: Subnet-aware routing: overriding dev 2 with dev 0
spark-365c:1:56 [0] NCCL INFO NET/IB: Subnet-aware routing: overriding dev 2 with dev 0
spark-365c:1:56 [0] NCCL INFO NET/IB: Subnet-aware routing: overriding dev 2 with dev 0
spark-365c:1:56 [0] NCCL INFO NET/IB: Subnet-aware routing: overriding dev 2 with dev 0
spark-365c:1:56 [0] NCCL INFO NET/IB: Subnet-aware routing: overriding dev 2 with dev 0
spark-365c:1:56 [0] NCCL INFO NET/IB: Subnet-aware routing: overriding dev 2 with dev 0
spark-365c:1:56 [0] NCCL INFO NET/IB: Subnet-aware routing: overriding dev 2 with dev 0
spark-365c:1:56 [0] NCCL INFO NET/IB: Subnet-aware routing: overriding dev 2 with dev 0
spark-365c:1:56 [0] NCCL INFO NET/IB: Subnet-aware routing: overriding dev 2 with dev 0
spark-365c:1:56 [0] NCCL INFO NET/IB: Subnet-aware routing: overriding dev 2 with dev 0
spark-365c:1:56 [0] NCCL INFO NET/IB: ncclIbSenderQpsCreate: QP created: port=1 dev=0 devName=roceP2p1s0f0 ndevs=2 nmdevs=3 qp_num=426 pkey=0 pd=0xf57cf000daf0 oooRq=0
spark-365c:1:56 [0] NCCL INFO NET/IB: ncclIbSenderQpsCreate: QP created: port=1 dev=0 devName=roceP2p1s0f0 ndevs=2 nmdevs=3 qp_num=427 pkey=0 pd=0xf57cf000daf0 oooRq=0
spark-365c:1:56 [0] NCCL INFO NET/IB: ncclIbConnectImpl: NCCL Dev 0 IbDev 0 Port 1 qp_num 426 mtu 5 GID 3 (0/166A8C0FFFF0000) ctsFifoRkey=0x19c2b1 ctsFifoLkey=0x19c2b1
spark-365c:1:56 [0] NCCL INFO NET/IB: ncclIbConnectImpl: IbDev 0 Port 1 qp_num 426 query_ece={supported=1, vendor_id=0x15b3, options=0x30000002, comp_mask=0x0}
spark-365c:1:56 [0] NCCL INFO NET/IB: ncclIbConnectImpl: NCCL Dev 0 IbDev 0 Port 1 qp_num 427 mtu 5 GID 3 (0/166A8C0FFFF0000) ctsFifoRkey=0x19c2b1 ctsFifoLkey=0x19c2b1
spark-365c:1:56 [0] NCCL INFO NET/IB: ncclIbConnectImpl: IbDev 0 Port 1 qp_num 427 query_ece={supported=1, vendor_id=0x15b3, options=0x30000002, comp_mask=0x0}
spark-365c:1:56 [0] NCCL INFO NET/IB: Subnet-aware routing: overriding dev 2 with dev 1
spark-365c:1:56 [0] NCCL INFO NET/IB: ncclIbReceiverQpsCreateToRts: QP created: port=1 dev=1 devName=roceP2p1s0f1 ndevs=2 nmdevs=3 qp_num=690 pkey=0 pd=0xf57cf005f930 oooRq=0
spark-365c:1:56 [0] NCCL INFO NET/IB: ncclIbReceiverQpsCreateToRts: QP created: port=1 dev=1 devName=roceP2p1s0f1 ndevs=2 nmdevs=3 qp_num=691 pkey=0 pd=0xf57cf005f930 oooRq=0
spark-365c:1:56 [0] NCCL INFO NET/IB: Subnet-aware routing: overriding dev 2 with dev 0
spark-365c:1:56 [0] NCCL INFO NET/IB: ncclIbSenderQpsToRts: Set ECE: IbDev 0 Port 1 qp_num 426 set_ece={supported=1, vendor_id=0x15b3, options=0x30000002, comp_mask=0x0}
spark-365c:1:56 [0] NCCL INFO NET/IB: ncclIbSenderQpsToRts: Set ECE: IbDev 0 Port 1 qp_num 427 set_ece={supported=1, vendor_id=0x15b3, options=0x30000002, comp_mask=0x0}
spark-365c:1:1 [0] NCCL INFO Connected all rings, use ring PXN 0 GDR 0
spark-365c:1:1 [0] NCCL INFO Symmetric VA size=124GB
