[05:47:24] == down: CX-7 off on spark-06c4 spark-365c spark-ddbf spark-a218 (restore-after=0s dry-run=0)
[05:47:26] -- plugin prepare on spark-06c4 spark-365c spark-ddbf spark-a218 (gate the data path; refused if anything is in flight)
  spark-ddbf: PLUGIN_OK 1 process(es) prepared|suspended
  spark-06c4: PLUGIN_OK 1 process(es) prepared|suspended
  spark-365c: PLUGIN_OK 1 process(es) prepared|suspended
  spark-a218: PLUGIN_OK 1 process(es) prepared|suspended
[05:47:26] -- plugin commit on spark-06c4 spark-365c spark-ddbf spark-a218 (tear the RDMA state down)
  spark-06c4: PLUGIN_OK 1 process(es) suspended
  spark-365c: PLUGIN_OK 1 process(es) suspended
  spark-a218: PLUGIN_OK 1 process(es) suspended
  spark-ddbf: PLUGIN_OK 1 process(es) suspended
  spark-06c4: mstflint_access unloaded
  spark-06c4: before: cx7=1 fns=4 ctr=running
  spark-365c: mstflint_access unloaded
  spark-365c: before: cx7=1 fns=4 ctr=running
  spark-ddbf: mstflint_access unloaded
  spark-ddbf: before: cx7=1 fns=4 ctr=running
  spark-a218: mstflint_access unloaded
  spark-a218: before: cx7=1 fns=4 ctr=running
[05:47:29] -- powering the adapters down
  spark-06c4: CX7_OFF mgmt=10000M
  spark-365c: CX7_OFF mgmt=10000M
  spark-a218: CX7_OFF mgmt=10000M
  spark-ddbf: CX7_OFF mgmt=10000M
[05:47:49] -- state
spark-06c4  cx7=0 hotplug_enabled=1 fns=0 ring=absent/-/mtu- absent/-/mtu- rdma_active=0 mgmt=10000M mstflint=unloaded timer=none ctr=running
spark-365c  cx7=0 hotplug_enabled=1 fns=0 ring=absent/-/mtu- absent/-/mtu- rdma_active=0 mgmt=10000M mstflint=unloaded timer=none ctr=running
spark-ddbf  cx7=0 hotplug_enabled=1 fns=0 ring=absent/-/mtu- absent/-/mtu- rdma_active=0 mgmt=10000M mstflint=unloaded timer=none ctr=running
spark-a218  cx7=0 hotplug_enabled=1 fns=0 ring=absent/-/mtu- absent/-/mtu- rdma_active=0 mgmt=10000M mstflint=unloaded timer=none ctr=running
[05:47:51] == down: CX-7 off on 4 node(s); bring it back with: ./spark-idle.sh --up
