== dcp1-prod @ http://spark-06c4.local:8000 phase=all
  warmup     1 words -> 22 tok, 0.5s: 'OK'
  warmup     4 words -> 25 tok, 0.5s: 'OK'
  warmup    13 words -> 36 tok, 0.6s: 'OK'
  warmup    70 words -> 94 tok, 0.7s: 'OK'
  warmup   250 words -> 277 tok, 1.1s: 'OK'
  warmup   700 words -> 747 tok, 1.6s: 'OK'
  warmup  1400 words -> 1466 tok, 2.4s: 'OK'
  warmup  2800 words -> 2949 tok, 4.3s: 'OK'
  u512            431-> 128 tok  sha=c98ba48947d00b5a  6.9s  '# Summary\n\nThe text is a stream of technical vocab'
  u1536          1247-> 128 tok  sha=e0ade287d5ad19d3  8.5s  '# Summary\n\nThe text is a large collection of techn'
  c1024-seed      824-> 128 tok  sha=f857338257e568af  7.1s  '# Summary\n\nThe text is a stream of technical-sound'
  c1024+u1536    2017-> 128 tok  sha=c229bc4a76e4baf3  7.6s  '# Summary\n\nThe text is a large collection of techn'
  count100  rep0 gen= 299 ttft=0.413s decode=56.94 tok/s acc/cycle=7.868 cycle=137.7ms sha=34a4f1e5bb080915
  count100  rep1 gen= 299 ttft=0.361s decode=57.02 tok/s acc/cycle=7.868 cycle=137.5ms sha=34a4f1e5bb080915
  prose     rep0 gen= 450 ttft=0.455s decode=21.86 tok/s acc/cycle=3.013 cycle=137.8ms sha=3e54a1ff5fbc7c85
  prose     rep1 gen= 450 ttft=0.443s decode=20.72 tok/s acc/cycle=2.866 cycle=138.0ms sha=6bb346226fc09c12
  code      rep0 gen= 246 ttft=0.491s decode=48.78 tok/s acc/cycle=6.833 cycle=139.5ms sha=0625f62aca0f3d82
  code      rep1 gen= 282 ttft=0.471s decode=40.75 tok/s acc/cycle=5.755 cycle=140.7ms sha=a128d0b562fb18d1
== done
