[15:15:00] rollout script gone without a verdict; verifying the stack directly
  content: 'OK'
[15:15:04] boot verified by the follow-on script
[15:15:04] == post-boot checks for dcp4-dflash-512k
  spark-06c4 avail=668MiB swapfree=13622MiB
  spark-365c avail=1534MiB swapfree=14174MiB
  spark-ddbf avail=1817MiB swapfree=14167MiB
  spark-a218 avail=1906MiB swapfree=14171MiB
[15:15:06] log scan (boot):
[15:15:06] -- warmup sweep (inference-time JITs happen here, under observation)
== dcp4-dflash-512k @ http://spark-06c4.local:8000 phase=warmup
  warmup     1 words -> 22 tok, 0.5s: 'OK'
  warmup     4 words -> 25 tok, 0.7s: 'OK'
  warmup    13 words -> 36 tok, 0.7s: 'OK'
  warmup    70 words -> 94 tok, 0.9s: 'OK'
  warmup   250 words -> 277 tok, 1.5s: 'OK'
  warmup   700 words -> 747 tok, 2.9s: 'OK'
  warmup  1400 words -> 1466 tok, 5.1s: 'OK'
  warmup  2800 words -> 2949 tok, 9.8s: 'OK'
Traceback (most recent call last):
  File "/home/napta2k/spark-cluster-mla-dcp/dcp_probe.py", line 305, in <module>
    sys.exit(main())
             ~~~~^^
  File "/home/napta2k/spark-cluster-mla-dcp/dcp_probe.py", line 292, in main
    phase_warmup(a.base, a.out)
    ~~~~~~~~~~~~^^^^^^^^^^^^^^^
  File "/home/napta2k/spark-cluster-mla-dcp/dcp_probe.py", line 136, in phase_warmup
    r = chat(base, [{"role": "user", "content": prompt}], 24, timeout=1200)
  File "/home/napta2k/spark-cluster-mla-dcp/dcp_probe.py", line 71, in chat
    with urllib.request.urlopen(req, timeout=timeout) as r:
         ~~~~~~~~~~~~~~~~~~~~~~^^^^^^^^^^^^^^^^^^^^^^
  File "/usr/lib/python3.14/urllib/request.py", line 187, in urlopen
    return opener.open(url, data, timeout)
           ~~~~~~~~~~~^^^^^^^^^^^^^^^^^^^^
  File "/usr/lib/python3.14/urllib/request.py", line 487, in open
    response = self._open(req, data)
  File "/usr/lib/python3.14/urllib/request.py", line 504, in _open
    result = self._call_chain(self.handle_open, protocol, protocol +
                              '_open', req)
  File "/usr/lib/python3.14/urllib/request.py", line 464, in _call_chain
    result = func(*args)
  File "/usr/lib/python3.14/urllib/request.py", line 1350, in http_open
    return self.do_open(http.client.HTTPConnection, req)
           ~~~~~~~~~~~~^^^^^^^^^^^^^^^^^^^^^^^^^^^^^^^^^
  File "/usr/lib/python3.14/urllib/request.py", line 1325, in do_open
    r = h.getresponse()
  File "/usr/lib/python3.14/http/client.py", line 1459, in getresponse
    response.begin()
    ~~~~~~~~~~~~~~^^
  File "/usr/lib/python3.14/http/client.py", line 336, in begin
    version, status, reason = self._read_status()
                              ~~~~~~~~~~~~~~~~~^^
  File "/usr/lib/python3.14/http/client.py", line 305, in _read_status
    raise RemoteDisconnected("Remote end closed connection without"
                             " response")
http.client.RemoteDisconnected: Remote end closed connection without response
[15:15:40] log scan (warmup):
  spark-06c4 avail=5602MiB swapfree=16273MiB
  spark-365c avail=5600MiB swapfree=16279MiB
  spark-ddbf avail=6169MiB swapfree=16277MiB
  spark-a218 avail=55227MiB swapfree=16270MiB
[15:15:42] -- determinism vs baseline
== dcp4-dflash-512k @ http://spark-06c4.local:8000 phase=determinism
Traceback (most recent call last):
  File "/usr/lib/python3.14/urllib/request.py", line 1321, in do_open
    h.request(req.get_method(), req.selector, req.data, headers,
    ~~~~~~~~~^^^^^^^^^^^^^^^^^^^^^^^^^^^^^^^^^^^^^^^^^^^^^^^^^^^
              encode_chunked=req.has_header('Transfer-encoding'))
              ^^^^^^^^^^^^^^^^^^^^^^^^^^^^^^^^^^^^^^^^^^^^^^^^^^^
  File "/usr/lib/python3.14/http/client.py", line 1367, in request
    self._send_request(method, url, body, headers, encode_chunked)
    ~~~~~~~~~~~~~~~~~~^^^^^^^^^^^^^^^^^^^^^^^^^^^^^^^^^^^^^^^^^^^^
  File "/usr/lib/python3.14/http/client.py", line 1413, in _send_request
    self.endheaders(body, encode_chunked=encode_chunked)
    ~~~~~~~~~~~~~~~^^^^^^^^^^^^^^^^^^^^^^^^^^^^^^^^^^^^^
  File "/usr/lib/python3.14/http/client.py", line 1362, in endheaders
    self._send_output(message_body, encode_chunked=encode_chunked)
    ~~~~~~~~~~~~~~~~~^^^^^^^^^^^^^^^^^^^^^^^^^^^^^^^^^^^^^^^^^^^^^
  File "/usr/lib/python3.14/http/client.py", line 1122, in _send_output
    self.send(msg)
    ~~~~~~~~~^^^^^
  File "/usr/lib/python3.14/http/client.py", line 1066, in send
    self.connect()
    ~~~~~~~~~~~~^^
  File "/usr/lib/python3.14/http/client.py", line 1032, in connect
    self.sock = self._create_connection(
                ~~~~~~~~~~~~~~~~~~~~~~~^
        (self.host,self.port), self.timeout, self.source_address)
        ^^^^^^^^^^^^^^^^^^^^^^^^^^^^^^^^^^^^^^^^^^^^^^^^^^^^^^^^^
  File "/usr/lib/python3.14/socket.py", line 870, in create_connection
    raise exceptions[0]
  File "/usr/lib/python3.14/socket.py", line 855, in create_connection
    sock.connect(sa)
    ~~~~~~~~~~~~^^^^
ConnectionRefusedError: [Errno 111] Connection refused

During handling of the above exception, another exception occurred:

Traceback (most recent call last):
  File "/home/napta2k/spark-cluster-mla-dcp/dcp_probe.py", line 305, in <module>
    sys.exit(main())
             ~~~~^^
  File "/home/napta2k/spark-cluster-mla-dcp/dcp_probe.py", line 294, in main
    phase_determinism(a.base, a.out, a.label)
    ~~~~~~~~~~~~~~~~~^^^^^^^^^^^^^^^^^^^^^^^^
  File "/home/napta2k/spark-cluster-mla-dcp/dcp_probe.py", line 163, in phase_determinism
    r = chat(base, msgs, 128, timeout=900)
  File "/home/napta2k/spark-cluster-mla-dcp/dcp_probe.py", line 71, in chat
    with urllib.request.urlopen(req, timeout=timeout) as r:
         ~~~~~~~~~~~~~~~~~~~~~~^^^^^^^^^^^^^^^^^^^^^^
  File "/usr/lib/python3.14/urllib/request.py", line 187, in urlopen
    return opener.open(url, data, timeout)
           ~~~~~~~~~~~^^^^^^^^^^^^^^^^^^^^
  File "/usr/lib/python3.14/urllib/request.py", line 487, in open
    response = self._open(req, data)
  File "/usr/lib/python3.14/urllib/request.py", line 504, in _open
    result = self._call_chain(self.handle_open, protocol, protocol +
                              '_open', req)
  File "/usr/lib/python3.14/urllib/request.py", line 464, in _call_chain
    result = func(*args)
  File "/usr/lib/python3.14/urllib/request.py", line 1350, in http_open
    return self.do_open(http.client.HTTPConnection, req)
           ~~~~~~~~~~~~^^^^^^^^^^^^^^^^^^^^^^^^^^^^^^^^^
  File "/usr/lib/python3.14/urllib/request.py", line 1324, in do_open
    raise URLError(err)
urllib.error.URLError: <urlopen error [Errno 111] Connection refused>
[15:15:42] -- bench
== dcp4-dflash-512k @ http://spark-06c4.local:8000 phase=bench
Traceback (most recent call last):
  File "/usr/lib/python3.14/urllib/request.py", line 1321, in do_open
    h.request(req.get_method(), req.selector, req.data, headers,
    ~~~~~~~~~^^^^^^^^^^^^^^^^^^^^^^^^^^^^^^^^^^^^^^^^^^^^^^^^^^^
              encode_chunked=req.has_header('Transfer-encoding'))
              ^^^^^^^^^^^^^^^^^^^^^^^^^^^^^^^^^^^^^^^^^^^^^^^^^^^
  File "/usr/lib/python3.14/http/client.py", line 1367, in request
    self._send_request(method, url, body, headers, encode_chunked)
    ~~~~~~~~~~~~~~~~~~^^^^^^^^^^^^^^^^^^^^^^^^^^^^^^^^^^^^^^^^^^^^
  File "/usr/lib/python3.14/http/client.py", line 1413, in _send_request
    self.endheaders(body, encode_chunked=encode_chunked)
    ~~~~~~~~~~~~~~~^^^^^^^^^^^^^^^^^^^^^^^^^^^^^^^^^^^^^
  File "/usr/lib/python3.14/http/client.py", line 1362, in endheaders
    self._send_output(message_body, encode_chunked=encode_chunked)
    ~~~~~~~~~~~~~~~~~^^^^^^^^^^^^^^^^^^^^^^^^^^^^^^^^^^^^^^^^^^^^^
  File "/usr/lib/python3.14/http/client.py", line 1122, in _send_output
    self.send(msg)
    ~~~~~~~~~^^^^^
  File "/usr/lib/python3.14/http/client.py", line 1066, in send
    self.connect()
    ~~~~~~~~~~~~^^
  File "/usr/lib/python3.14/http/client.py", line 1032, in connect
    self.sock = self._create_connection(
                ~~~~~~~~~~~~~~~~~~~~~~~^
        (self.host,self.port), self.timeout, self.source_address)
        ^^^^^^^^^^^^^^^^^^^^^^^^^^^^^^^^^^^^^^^^^^^^^^^^^^^^^^^^^
  File "/usr/lib/python3.14/socket.py", line 870, in create_connection
    raise exceptions[0]
  File "/usr/lib/python3.14/socket.py", line 855, in create_connection
    sock.connect(sa)
    ~~~~~~~~~~~~^^^^
ConnectionRefusedError: [Errno 111] Connection refused

During handling of the above exception, another exception occurred:

Traceback (most recent call last):
  File "/home/napta2k/spark-cluster-mla-dcp/dcp_probe.py", line 305, in <module>
    sys.exit(main())
             ~~~~^^
  File "/home/napta2k/spark-cluster-mla-dcp/dcp_probe.py", line 296, in main
    phase_bench(a.base, a.out, a.label, reps=a.reps)
    ~~~~~~~~~~~^^^^^^^^^^^^^^^^^^^^^^^^^^^^^^^^^^^^^
  File "/home/napta2k/spark-cluster-mla-dcp/dcp_probe.py", line 183, in phase_bench
    m0 = metrics(base)
  File "/home/napta2k/spark-cluster-mla-dcp/dcp_probe.py", line 38, in metrics
    txt = urllib.request.urlopen(base + "/metrics", timeout=20).read().decode()
          ~~~~~~~~~~~~~~~~~~~~~~^^^^^^^^^^^^^^^^^^^^^^^^^^^^^^^
  File "/usr/lib/python3.14/urllib/request.py", line 187, in urlopen
    return opener.open(url, data, timeout)
           ~~~~~~~~~~~^^^^^^^^^^^^^^^^^^^^
  File "/usr/lib/python3.14/urllib/request.py", line 487, in open
    response = self._open(req, data)
  File "/usr/lib/python3.14/urllib/request.py", line 504, in _open
    result = self._call_chain(self.handle_open, protocol, protocol +
                              '_open', req)
  File "/usr/lib/python3.14/urllib/request.py", line 464, in _call_chain
    result = func(*args)
  File "/usr/lib/python3.14/urllib/request.py", line 1350, in http_open
    return self.do_open(http.client.HTTPConnection, req)
           ~~~~~~~~~~~~^^^^^^^^^^^^^^^^^^^^^^^^^^^^^^^^^
  File "/usr/lib/python3.14/urllib/request.py", line 1324, in do_open
    raise URLError(err)
urllib.error.URLError: <urlopen error [Errno 111] Connection refused>
baseline=results/baseline-dcp1-prod
candidate=/home/napta2k/spark-cluster-mla-dcp/results/dcp4-dflash-512k

[15:15:42] -- concurrent (mixed decode+prefill batches)
== dcp4-dflash-512k @ http://spark-06c4.local:8000 phase=concurrent
Traceback (most recent call last):
  File "/usr/lib/python3.14/urllib/request.py", line 1321, in do_open
    h.request(req.get_method(), req.selector, req.data, headers,
    ~~~~~~~~~^^^^^^^^^^^^^^^^^^^^^^^^^^^^^^^^^^^^^^^^^^^^^^^^^^^
              encode_chunked=req.has_header('Transfer-encoding'))
              ^^^^^^^^^^^^^^^^^^^^^^^^^^^^^^^^^^^^^^^^^^^^^^^^^^^
  File "/usr/lib/python3.14/http/client.py", line 1367, in request
    self._send_request(method, url, body, headers, encode_chunked)
    ~~~~~~~~~~~~~~~~~~^^^^^^^^^^^^^^^^^^^^^^^^^^^^^^^^^^^^^^^^^^^^
  File "/usr/lib/python3.14/http/client.py", line 1413, in _send_request
    self.endheaders(body, encode_chunked=encode_chunked)
    ~~~~~~~~~~~~~~~^^^^^^^^^^^^^^^^^^^^^^^^^^^^^^^^^^^^^
  File "/usr/lib/python3.14/http/client.py", line 1362, in endheaders
    self._send_output(message_body, encode_chunked=encode_chunked)
    ~~~~~~~~~~~~~~~~~^^^^^^^^^^^^^^^^^^^^^^^^^^^^^^^^^^^^^^^^^^^^^
  File "/usr/lib/python3.14/http/client.py", line 1122, in _send_output
    self.send(msg)
    ~~~~~~~~~^^^^^
  File "/usr/lib/python3.14/http/client.py", line 1066, in send
    self.connect()
    ~~~~~~~~~~~~^^
  File "/usr/lib/python3.14/http/client.py", line 1032, in connect
    self.sock = self._create_connection(
                ~~~~~~~~~~~~~~~~~~~~~~~^
        (self.host,self.port), self.timeout, self.source_address)
        ^^^^^^^^^^^^^^^^^^^^^^^^^^^^^^^^^^^^^^^^^^^^^^^^^^^^^^^^^
  File "/usr/lib/python3.14/socket.py", line 870, in create_connection
    raise exceptions[0]
  File "/usr/lib/python3.14/socket.py", line 855, in create_connection
    sock.connect(sa)
    ~~~~~~~~~~~~^^^^
ConnectionRefusedError: [Errno 111] Connection refused

During handling of the above exception, another exception occurred:

Traceback (most recent call last):
  File "/home/napta2k/spark-cluster-mla-dcp/dcp_probe.py", line 305, in <module>
    sys.exit(main())
             ~~~~^^
  File "/home/napta2k/spark-cluster-mla-dcp/dcp_probe.py", line 298, in main
    phase_concurrent(a.base, a.out, a.label)
    ~~~~~~~~~~~~~~~~^^^^^^^^^^^^^^^^^^^^^^^^
  File "/home/napta2k/spark-cluster-mla-dcp/dcp_probe.py", line 231, in phase_concurrent
    m0 = metrics(base)
  File "/home/napta2k/spark-cluster-mla-dcp/dcp_probe.py", line 38, in metrics
    txt = urllib.request.urlopen(base + "/metrics", timeout=20).read().decode()
          ~~~~~~~~~~~~~~~~~~~~~~^^^^^^^^^^^^^^^^^^^^^^^^^^^^^^^
  File "/usr/lib/python3.14/urllib/request.py", line 187, in urlopen
    return opener.open(url, data, timeout)
           ~~~~~~~~~~~^^^^^^^^^^^^^^^^^^^^
  File "/usr/lib/python3.14/urllib/request.py", line 487, in open
    response = self._open(req, data)
  File "/usr/lib/python3.14/urllib/request.py", line 504, in _open
    result = self._call_chain(self.handle_open, protocol, protocol +
                              '_open', req)
  File "/usr/lib/python3.14/urllib/request.py", line 464, in _call_chain
    result = func(*args)
  File "/usr/lib/python3.14/urllib/request.py", line 1350, in http_open
    return self.do_open(http.client.HTTPConnection, req)
           ~~~~~~~~~~~~^^^^^^^^^^^^^^^^^^^^^^^^^^^^^^^^^
  File "/usr/lib/python3.14/urllib/request.py", line 1324, in do_open
    raise URLError(err)
urllib.error.URLError: <urlopen error [Errno 111] Connection refused>
[15:15:42] log scan (concurrent):
  spark-06c4 avail=117960MiB swapfree=16275MiB
  spark-365c avail=117874MiB swapfree=16280MiB
  spark-ddbf avail=118314MiB swapfree=16281MiB
  spark-a218 avail=118312MiB swapfree=16271MiB
[15:15:43] -- long context probe (500000 tokens)
  spark-06c4 avail=117962MiB swapfree=16275MiB
  spark-365c avail=117873MiB swapfree=16280MiB
  spark-ddbf avail=118313MiB swapfree=16281MiB
  spark-a218 avail=118311MiB swapfree=16271MiB
== dcp4-dflash-512k @ http://spark-06c4.local:8000 phase=longctx
Traceback (most recent call last):
  File "/usr/lib/python3.14/urllib/request.py", line 1321, in do_open
    h.request(req.get_method(), req.selector, req.data, headers,
    ~~~~~~~~~^^^^^^^^^^^^^^^^^^^^^^^^^^^^^^^^^^^^^^^^^^^^^^^^^^^
              encode_chunked=req.has_header('Transfer-encoding'))
              ^^^^^^^^^^^^^^^^^^^^^^^^^^^^^^^^^^^^^^^^^^^^^^^^^^^
  File "/usr/lib/python3.14/http/client.py", line 1367, in request
    self._send_request(method, url, body, headers, encode_chunked)
    ~~~~~~~~~~~~~~~~~~^^^^^^^^^^^^^^^^^^^^^^^^^^^^^^^^^^^^^^^^^^^^
  File "/usr/lib/python3.14/http/client.py", line 1413, in _send_request
    self.endheaders(body, encode_chunked=encode_chunked)
    ~~~~~~~~~~~~~~~^^^^^^^^^^^^^^^^^^^^^^^^^^^^^^^^^^^^^
  File "/usr/lib/python3.14/http/client.py", line 1362, in endheaders
    self._send_output(message_body, encode_chunked=encode_chunked)
    ~~~~~~~~~~~~~~~~~^^^^^^^^^^^^^^^^^^^^^^^^^^^^^^^^^^^^^^^^^^^^^
  File "/usr/lib/python3.14/http/client.py", line 1122, in _send_output
    self.send(msg)
    ~~~~~~~~~^^^^^
  File "/usr/lib/python3.14/http/client.py", line 1066, in send
    self.connect()
    ~~~~~~~~~~~~^^
  File "/usr/lib/python3.14/http/client.py", line 1032, in connect
    self.sock = self._create_connection(
                ~~~~~~~~~~~~~~~~~~~~~~~^
        (self.host,self.port), self.timeout, self.source_address)
        ^^^^^^^^^^^^^^^^^^^^^^^^^^^^^^^^^^^^^^^^^^^^^^^^^^^^^^^^^
  File "/usr/lib/python3.14/socket.py", line 870, in create_connection
    raise exceptions[0]
  File "/usr/lib/python3.14/socket.py", line 855, in create_connection
    sock.connect(sa)
    ~~~~~~~~~~~~^^^^
ConnectionRefusedError: [Errno 111] Connection refused

During handling of the above exception, another exception occurred:

Traceback (most recent call last):
  File "/home/napta2k/spark-cluster-mla-dcp/dcp_probe.py", line 305, in <module>
    sys.exit(main())
             ~~~~^^
  File "/home/napta2k/spark-cluster-mla-dcp/dcp_probe.py", line 300, in main
    phase_longctx(a.base, a.out, a.longctx_tokens)
    ~~~~~~~~~~~~~^^^^^^^^^^^^^^^^^^^^^^^^^^^^^^^^^
  File "/home/napta2k/spark-cluster-mla-dcp/dcp_probe.py", line 268, in phase_longctx
    m0 = metrics(base)
  File "/home/napta2k/spark-cluster-mla-dcp/dcp_probe.py", line 38, in metrics
    txt = urllib.request.urlopen(base + "/metrics", timeout=20).read().decode()
          ~~~~~~~~~~~~~~~~~~~~~~^^^^^^^^^^^^^^^^^^^^^^^^^^^^^^^
  File "/usr/lib/python3.14/urllib/request.py", line 187, in urlopen
    return opener.open(url, data, timeout)
           ~~~~~~~~~~~^^^^^^^^^^^^^^^^^^^^
  File "/usr/lib/python3.14/urllib/request.py", line 487, in open
    response = self._open(req, data)
  File "/usr/lib/python3.14/urllib/request.py", line 504, in _open
    result = self._call_chain(self.handle_open, protocol, protocol +
                              '_open', req)
  File "/usr/lib/python3.14/urllib/request.py", line 464, in _call_chain
    result = func(*args)
  File "/usr/lib/python3.14/urllib/request.py", line 1350, in http_open
    return self.do_open(http.client.HTTPConnection, req)
           ~~~~~~~~~~~~^^^^^^^^^^^^^^^^^^^^^^^^^^^^^^^^^
  File "/usr/lib/python3.14/urllib/request.py", line 1324, in do_open
    raise URLError(err)
urllib.error.URLError: <urlopen error [Errno 111] Connection refused>
  spark-06c4 avail=117961MiB swapfree=16275MiB
  spark-365c avail=117872MiB swapfree=16280MiB
  spark-ddbf avail=118312MiB swapfree=16281MiB
  spark-a218 avail=118311MiB swapfree=16271MiB
[15:15:46] log scan (final):
[15:15:47] == checks done; results in /home/napta2k/spark-cluster-mla-dcp/results/dcp4-dflash-512k
[15:15:47] checks exit=0
