[05:23:26] == NCCL hot-plug probe: cycles=2 hold=30s out=/home/napta2k/spark-cluster-mla-dcp/results/nccl-hotplug-probe/20260907-052323
[05:23:26] -- staging
  spark-06c4 plugin sha d6e3176bc2b2c56a
  spark-365c plugin sha d6e3176bc2b2c56a
  spark-ddbf plugin sha d6e3176bc2b2c56a
  spark-a218 plugin sha d6e3176bc2b2c56a
[05:23:30] -- launching probe containers
nccl_hotplug_probe launched rank=3 cycles=2 plugin=/home/napta2k/nccl-hotplug/libnccl-net-hotplug.so ctl=/var/tmp/nccl-hotplug
nccl_hotplug_probe launched rank=2 cycles=2 plugin=/home/napta2k/nccl-hotplug/libnccl-net-hotplug.so ctl=/var/tmp/nccl-hotplug
nccl_hotplug_probe launched rank=1 cycles=2 plugin=/home/napta2k/nccl-hotplug/libnccl-net-hotplug.so ctl=/var/tmp/nccl-hotplug
nccl_hotplug_probe launched rank=0 cycles=2 plugin=/home/napta2k/nccl-hotplug/libnccl-net-hotplug.so ctl=/var/tmp/nccl-hotplug
[05:23:41] -- waiting for the baseline and ready-for-cycle
{"phase": "init", "nccl": "2.31.2", "torch": "2.11.0+cu130", "world": 4, "plugin": "hotplug", "ctl": "/var/tmp/nccl-hotplug"}
{"phase": "plugin", "status_gen": 0, "status_state": "active"}
{"phase": "ready-for-cycle", "cycle": 1, "note": "run spark-idle.sh --down then --up now"}
[05:23:47] -- cycle 1: spark-idle.sh --down
[05:23:48] == down: CX-7 off on spark-06c4 spark-365c spark-ddbf spark-a218 (restore-after=0s dry-run=0)
[05:23:50] -- spark-06c4: plugin prepare (gate the data path)
  spark-06c4: PLUGIN_OK 1 process(es) prepared|suspended
[05:23:50] -- spark-365c: plugin prepare (gate the data path)
  spark-365c: PLUGIN_OK 1 process(es) prepared|suspended
[05:23:51] -- spark-ddbf: plugin prepare (gate the data path)
  spark-ddbf: PLUGIN_OK 1 process(es) prepared|suspended
[05:23:51] -- spark-a218: plugin prepare (gate the data path)
  spark-a218: PLUGIN_OK 1 process(es) prepared|suspended
[05:23:52] -- spark-06c4: plugin commit (tear the RDMA state down)
  spark-06c4: PLUGIN_OK 1 process(es) suspended
[05:23:53] -- spark-365c: plugin commit (tear the RDMA state down)
  spark-365c: PLUGIN_OK 1 process(es) suspended
[05:23:53] -- spark-ddbf: plugin commit (tear the RDMA state down)
  spark-ddbf: PLUGIN_OK 1 process(es) suspended
[05:23:54] -- spark-a218: plugin commit (tear the RDMA state down)
  spark-a218: PLUGIN_OK 1 process(es) suspended
  spark-06c4: mstflint_access unloaded
  spark-06c4: before: cx7=1 fns=4 ctr=
  spark-06c4: none
  spark-365c: mstflint_access unloaded
  spark-365c: before: cx7=1 fns=4 ctr=
  spark-365c: none
  spark-ddbf: mstflint_access unloaded
  spark-ddbf: before: cx7=1 fns=4 ctr=
  spark-ddbf: none
  spark-a218: mstflint_access unloaded
  spark-a218: before: cx7=1 fns=4 ctr=
  spark-a218: none
[05:23:56] -- powering the adapters down
  spark-365c: CX7_OFF mgmt=10000M
  spark-ddbf: CX7_OFF mgmt=10000M
  spark-a218: CX7_OFF mgmt=10000M
  spark-06c4: CX7_OFF mgmt=10000M
[05:24:21] -- state
spark-06c4  cx7=0 hotplug_enabled=1 fns=0 ring=absent/-/mtu- absent/-/mtu- rdma_active=0 mgmt=10000M mstflint=unloaded timer=none ctr=
none
spark-365c  cx7=0 hotplug_enabled=1 fns=0 ring=absent/-/mtu- absent/-/mtu- rdma_active=0 mgmt=10000M mstflint=unloaded timer=none ctr=
none
spark-ddbf  cx7=0 hotplug_enabled=1 fns=0 ring=absent/-/mtu- absent/-/mtu- rdma_active=0 mgmt=10000M mstflint=unloaded timer=none ctr=
none
spark-a218  cx7=0 hotplug_enabled=1 fns=0 ring=absent/-/mtu- absent/-/mtu- rdma_active=0 mgmt=10000M mstflint=unloaded timer=none ctr=
none
[05:24:23] == down: CX-7 off on 4 node(s); bring it back with: ./spark-idle.sh --up
[05:24:23] -- adapters off, holding 30s (read the meter)
[05:24:53] -- cycle 1: spark-idle.sh --up
[05:24:55] == up: CX-7 on for spark-06c4 spark-365c spark-ddbf spark-a218 (dry-run=0)
[05:24:55] -- power up, rescan, wait for links
  spark-a218: CX7_ON fns=4 ring=200G/200G rdma=4 ACTIVE
  spark-ddbf: CX7_ON fns=4 ring=200G/200G rdma=4 ACTIVE
  spark-06c4: CX7_ON fns=4 ring=200G/200G rdma=4 ACTIVE
  spark-365c: CX7_ON fns=4 ring=200G/200G rdma=4 ACTIVE
[05:25:03] -- ring pings and mstflint reload
  spark-365c: enP2p1s0f0np0 192.168.102.1 -> 192.168.102.2 jumbo ping ok
  spark-365c: enP2p1s0f1np1 192.168.100.2 -> 192.168.100.1 jumbo ping ok
  spark-365c: mstflint_access reloaded
  spark-a218: enP2p1s0f0np0 192.168.104.1 -> 192.168.104.2 jumbo ping ok
  spark-a218: enP2p1s0f1np1 192.168.103.1 -> 192.168.103.2 jumbo ping ok
  spark-a218: mstflint_access reloaded
  spark-06c4: enP2p1s0f0np0 192.168.104.2 -> 192.168.104.1 jumbo ping ok
  spark-06c4: enP2p1s0f1np1 192.168.100.1 -> 192.168.100.2 jumbo ping ok
  spark-06c4: mstflint_access reloaded
  spark-ddbf: enP2p1s0f0np0 192.168.102.2 -> 192.168.102.1 jumbo ping ok
  spark-ddbf: enP2p1s0f1np1 192.168.103.2 -> 192.168.103.1 jumbo ping ok
  spark-ddbf: mstflint_access reloaded
[05:25:07] -- spark-06c4: plugin resume (re-connect its RDMA state)
