
==========
== CUDA ==
==========

CUDA Version 13.0.2

Container image Copyright (c) 2016-2023, NVIDIA CORPORATION & AFFILIATES. All rights reserved.

This container image and its contents are governed by the NVIDIA Deep Learning Container License.
By pulling and using the container, you accept the terms and conditions of this license:
https://developer.nvidia.com/ngc/nvidia-deep-learning-container-license

A copy of this license is made available in this container at /NGC-DL-CONTAINER-LICENSE for your convenience.

{"type": "metadata", "variant": "default", "nccl": "2.31.2", "torch": "2.11.0+cu130", "ns": [1, 2, 4, 8], "repeats": 7, "iters": 100, "proto_env": "", "world": 4}
{"type": "result", "variant": "default", "collective": "q_allgather", "kind": "ag", "send_bytes_per_rank": 147456, "n_comms": 1, "order": "fwd", "eager": {"p50_us": 121.3, "min_us": 114.6, "max_us": 130.8}, "graph": {"p50_us": 1055.0, "min_us": 888.8, "max_us": 1120.5}, "max_err": 0.0}
{"type": "result", "variant": "default", "collective": "lse_allgather", "kind": "ag", "send_bytes_per_rank": 512, "n_comms": 1, "order": "fwd", "eager": {"p50_us": 33.4, "min_us": 25.6, "max_us": 35.3}, "graph": {"p50_us": 543.3, "min_us": 382.2, "max_us": 685.0}, "max_err": 0.0}
{"type": "result", "variant": "default", "collective": "indexer_allgather", "kind": "ag", "send_bytes_per_rank": 32768, "n_comms": 1, "order": "fwd", "eager": {"p50_us": 64.4, "min_us": 58.5, "max_us": 68.7}, "graph": {"p50_us": 859.7, "min_us": 796.2, "max_us": 974.1}, "max_err": 0.0}
{"type": "result", "variant": "default", "collective": "out_reducescatter", "kind": "rs", "send_bytes_per_rank": 524288, "n_comms": 1, "order": "fwd", "eager": {"p50_us": 115.0, "min_us": 104.2, "max_us": 122.4}, "graph": {"p50_us": 907.5, "min_us": 845.4, "max_us": 1037.1}, "max_err": 0.0}
{"type": "result", "variant": "default", "collective": "tp_allreduce", "kind": "ar", "send_bytes_per_rank": 98304, "n_comms": 1, "order": "fwd", "eager": {"p50_us": 89.3, "min_us": 86.0, "max_us": 93.3}, "graph": {"p50_us": 986.4, "min_us": 886.3, "max_us": 1021.3}, "max_err": 0.0}
{"type": "result", "variant": "default", "collective": "q_allgather", "kind": "ag", "send_bytes_per_rank": 147456, "n_comms": 2, "order": "fwd", "eager": {"p50_us": 109.0, "min_us": 105.3, "max_us": 111.7}, "graph": {"p50_us": 682.6, "min_us": 583.3, "max_us": 705.8}, "max_err": 0.0}
{"type": "result", "variant": "default", "collective": "lse_allgather", "kind": "ag", "send_bytes_per_rank": 512, "n_comms": 2, "order": "fwd", "eager": {"p50_us": 42.5, "min_us": 38.6, "max_us": 44.5}, "graph": {"p50_us": 649.0, "min_us": 556.8, "max_us": 702.8}, "max_err": 0.0}
{"type": "result", "variant": "default", "collective": "indexer_allgather", "kind": "ag", "send_bytes_per_rank": 32768, "n_comms": 2, "order": "fwd", "eager": {"p50_us": 60.2, "min_us": 55.2, "max_us": 66.4}, "graph": {"p50_us": 670.6, "min_us": 611.3, "max_us": 738.8}, "max_err": 0.0}
{"type": "result", "variant": "default", "collective": "out_reducescatter", "kind": "rs", "send_bytes_per_rank": 524288, "n_comms": 2, "order": "fwd", "eager": {"p50_us": 104.8, "min_us": 94.1, "max_us": 107.2}, "graph": {"p50_us": 732.9, "min_us": 625.7, "max_us": 848.1}, "max_err": 0.0}
{"type": "result", "variant": "default", "collective": "tp_allreduce", "kind": "ar", "send_bytes_per_rank": 98304, "n_comms": 2, "order": "fwd", "eager": {"p50_us": 83.5, "min_us": 77.1, "max_us": 89.2}, "graph": {"p50_us": 744.3, "min_us": 657.7, "max_us": 851.9}, "max_err": 0.0}
{"type": "result", "variant": "default", "collective": "q_allgather", "kind": "ag", "send_bytes_per_rank": 147456, "n_comms": 2, "order": "alt", "eager": {"p50_us": 109.4, "min_us": 105.2, "max_us": 115.2}, "graph": {"p50_us": 912.4, "min_us": 836.3, "max_us": 1025.4}, "max_err": 0.0}
{"type": "result", "variant": "default", "collective": "lse_allgather", "kind": "ag", "send_bytes_per_rank": 512, "n_comms": 2, "order": "alt", "eager": {"p50_us": 58.1, "min_us": 52.8, "max_us": 67.4}, "graph": {"p50_us": 912.8, "min_us": 683.8, "max_us": 1006.4}, "max_err": 0.0}
{"type": "result", "variant": "default", "collective": "indexer_allgather", "kind": "ag", "send_bytes_per_rank": 32768, "n_comms": 2, "order": "alt", "eager": {"p50_us": 68.1, "min_us": 57.9, "max_us": 73.8}, "graph": {"p50_us": 856.0, "min_us": 693.8, "max_us": 937.3}, "max_err": 0.0}
{"type": "result", "variant": "default", "collective": "out_reducescatter", "kind": "rs", "send_bytes_per_rank": 524288, "n_comms": 2, "order": "alt", "eager": {"p50_us": 108.6, "min_us": 102.5, "max_us": 112.2}, "graph": {"p50_us": 951.6, "min_us": 716.4, "max_us": 1004.8}, "max_err": 0.0}
{"type": "result", "variant": "default", "collective": "tp_allreduce", "kind": "ar", "send_bytes_per_rank": 98304, "n_comms": 2, "order": "alt", "eager": {"p50_us": 80.5, "min_us": 74.4, "max_us": 88.2}, "graph": {"p50_us": 910.8, "min_us": 813.0, "max_us": 1086.5}, "max_err": 0.0}
{"type": "result", "variant": "default", "collective": "q_allgather", "kind": "ag", "send_bytes_per_rank": 147456, "n_comms": 4, "order": "fwd", "eager": {"p50_us": 146.2, "min_us": 140.8, "max_us": 152.6}, "graph": {"p50_us": 962.1, "min_us": 910.0, "max_us": 1020.9}, "max_err": 0.0}
{"type": "result", "variant": "default", "collective": "lse_allgather", "kind": "ag", "send_bytes_per_rank": 512, "n_comms": 4, "order": "fwd", "eager": {"p50_us": 66.8, "min_us": 56.8, "max_us": 70.0}, "graph": {"p50_us": 854.9, "min_us": 768.8, "max_us": 933.5}, "max_err": 0.0}
{"type": "result", "variant": "default", "collective": "indexer_allgather", "kind": "ag", "send_bytes_per_rank": 32768, "n_comms": 4, "order": "fwd", "eager": {"p50_us": 80.5, "min_us": 72.2, "max_us": 84.4}, "graph": {"p50_us": 865.4, "min_us": 811.1, "max_us": 975.3}, "max_err": 0.0}
{"type": "result", "variant": "default", "collective": "out_reducescatter", "kind": "rs", "send_bytes_per_rank": 524288, "n_comms": 4, "order": "fwd", "eager": {"p50_us": 120.9, "min_us": 114.9, "max_us": 127.6}, "graph": {"p50_us": 852.7, "min_us": 834.0, "max_us": 975.3}, "max_err": 0.0}
{"type": "result", "variant": "default", "collective": "tp_allreduce", "kind": "ar", "send_bytes_per_rank": 98304, "n_comms": 4, "order": "fwd", "eager": {"p50_us": 101.3, "min_us": 99.2, "max_us": 117.2}, "graph": {"p50_us": 854.0, "min_us": 813.2, "max_us": 909.2}, "max_err": 0.0}
{"type": "result", "variant": "default", "collective": "q_allgather", "kind": "ag", "send_bytes_per_rank": 147456, "n_comms": 4, "order": "alt", "eager": {"p50_us": 145.5, "min_us": 139.1, "max_us": 151.6}, "graph": {"p50_us": 866.5, "min_us": 812.7, "max_us": 964.8}, "max_err": 0.0}
{"type": "result", "variant": "default", "collective": "lse_allgather", "kind": "ag", "send_bytes_per_rank": 512, "n_comms": 4, "order": "alt", "eager": {"p50_us": 59.3, "min_us": 51.1, "max_us": 64.1}, "graph": {"p50_us": 790.6, "min_us": 682.7, "max_us": 833.1}, "max_err": 0.0}
{"type": "result", "variant": "default", "collective": "indexer_allgather", "kind": "ag", "send_bytes_per_rank": 32768, "n_comms": 4, "order": "alt", "eager": {"p50_us": 81.2, "min_us": 72.5, "max_us": 95.5}, "graph": {"p50_us": 766.2, "min_us": 715.2, "max_us": 930.0}, "max_err": 0.0}
{"type": "result", "variant": "default", "collective": "out_reducescatter", "kind": "rs", "send_bytes_per_rank": 524288, "n_comms": 4, "order": "alt", "eager": {"p50_us": 124.4, "min_us": 118.3, "max_us": 127.9}, "graph": {"p50_us": 867.9, "min_us": 769.8, "max_us": 921.2}, "max_err": 0.0}
{"type": "result", "variant": "default", "collective": "tp_allreduce", "kind": "ar", "send_bytes_per_rank": 98304, "n_comms": 4, "order": "alt", "eager": {"p50_us": 94.3, "min_us": 85.9, "max_us": 103.3}, "graph": {"p50_us": 858.8, "min_us": 720.8, "max_us": 872.6}, "max_err": 0.0}
{"type": "result", "variant": "default", "collective": "q_allgather", "kind": "ag", "send_bytes_per_rank": 147456, "n_comms": 8, "order": "fwd", "eager": {"p50_us": 200.2, "min_us": 186.2, "max_us": 203.2}, "graph": {"p50_us": 963.8, "min_us": 893.2, "max_us": 1003.5}, "max_err": 0.0}
{"type": "result", "variant": "default", "collective": "lse_allgather", "kind": "ag", "send_bytes_per_rank": 512, "n_comms": 8, "order": "fwd", "eager": {"p50_us": 165.3, "min_us": 151.7, "max_us": 166.3}, "graph": {"p50_us": 935.1, "min_us": 837.5, "max_us": 955.4}, "max_err": 0.0}
{"type": "result", "variant": "default", "collective": "indexer_allgather", "kind": "ag", "send_bytes_per_rank": 32768, "n_comms": 8, "order": "fwd", "eager": {"p50_us": 166.5, "min_us": 159.6, "max_us": 169.5}, "graph": {"p50_us": 827.0, "min_us": 717.4, "max_us": 941.0}, "max_err": 0.0}
{"type": "result", "variant": "default", "collective": "out_reducescatter", "kind": "rs", "send_bytes_per_rank": 524288, "n_comms": 8, "order": "fwd", "eager": {"p50_us": 192.8, "min_us": 183.9, "max_us": 204.7}, "graph": {"p50_us": 781.1, "min_us": 697.5, "max_us": 843.2}, "max_err": 0.0}
{"type": "result", "variant": "default", "collective": "tp_allreduce", "kind": "ar", "send_bytes_per_rank": 98304, "n_comms": 8, "order": "fwd", "eager": {"p50_us": 189.2, "min_us": 178.5, "max_us": 196.9}, "graph": {"p50_us": 862.1, "min_us": 790.3, "max_us": 923.4}, "max_err": 0.0}
{"type": "result", "variant": "default", "collective": "q_allgather", "kind": "ag", "send_bytes_per_rank": 147456, "n_comms": 8, "order": "alt", "eager": {"p50_us": 199.2, "min_us": 193.3, "max_us": 210.6}, "graph": {"p50_us": 1082.2, "min_us": 1038.3, "max_us": 1190.6}, "max_err": 0.0}
{"type": "result", "variant": "default", "collective": "lse_allgather", "kind": "ag", "send_bytes_per_rank": 512, "n_comms": 8, "order": "alt", "eager": {"p50_us": 151.8, "min_us": 145.2, "max_us": 168.3}, "graph": {"p50_us": 730.3, "min_us": 628.3, "max_us": 954.5}, "max_err": 0.0}
{"type": "result", "variant": "default", "collective": "indexer_allgather", "kind": "ag", "send_bytes_per_rank": 32768, "n_comms": 8, "order": "alt", "eager": {"p50_us": 163.3, "min_us": 157.5, "max_us": 172.1}, "graph": {"p50_us": 866.1, "min_us": 678.3, "max_us": 921.6}, "max_err": 0.0}
{"type": "result", "variant": "default", "collective": "out_reducescatter", "kind": "rs", "send_bytes_per_rank": 524288, "n_comms": 8, "order": "alt", "eager": {"p50_us": 194.0, "min_us": 184.1, "max_us": 219.8}, "graph": {"p50_us": 796.4, "min_us": 654.4, "max_us": 1052.8}, "max_err": 0.0}
{"type": "result", "variant": "default", "collective": "tp_allreduce", "kind": "ar", "send_bytes_per_rank": 98304, "n_comms": 8, "order": "alt", "eager": {"p50_us": 182.6, "min_us": 181.3, "max_us": 195.3}, "graph": {"p50_us": 1111.2, "min_us": 1057.4, "max_us": 1132.2}, "max_err": 0.0}
{"type": "done", "variant": "default"}
NCCL version 2.31.2+cuda13.0
