
==========
== CUDA ==
==========

CUDA Version 13.0.2

Container image Copyright (c) 2016-2023, NVIDIA CORPORATION & AFFILIATES. All rights reserved.

This container image and its contents are governed by the NVIDIA Deep Learning Container License.
By pulling and using the container, you accept the terms and conditions of this license:
https://developer.nvidia.com/ngc/nvidia-deep-learning-container-license

A copy of this license is made available in this container at /NGC-DL-CONTAINER-LICENSE for your convenience.

{"type": "metadata", "variant": "gm0", "nccl": "2.31.2", "torch": "2.11.0+cu130", "ns": [1, 4, 8], "repeats": 7, "iters": 100, "proto_env": "", "world": 4}
{"type": "result", "variant": "gm0", "collective": "q_allgather", "kind": "ag", "send_bytes_per_rank": 147456, "n_comms": 1, "order": "fwd", "eager": {"p50_us": 126.0, "min_us": 122.3, "max_us": 135.5, "cpu_issue_us": 10.4}, "graph": {"p50_us": 957.3, "min_us": 897.3, "max_us": 1007.8, "cpu_issue_us": 841.1}, "max_err": 0.0}
{"type": "result", "variant": "gm0", "collective": "lse_allgather", "kind": "ag", "send_bytes_per_rank": 512, "n_comms": 1, "order": "fwd", "eager": {"p50_us": 36.4, "min_us": 30.4, "max_us": 54.0, "cpu_issue_us": 10.3}, "graph": {"p50_us": 733.7, "min_us": 563.4, "max_us": 783.8, "cpu_issue_us": 626.6}, "max_err": 0.0}
{"type": "result", "variant": "gm0", "collective": "indexer_allgather", "kind": "ag", "send_bytes_per_rank": 32768, "n_comms": 1, "order": "fwd", "eager": {"p50_us": 65.4, "min_us": 62.2, "max_us": 72.5, "cpu_issue_us": 10.2}, "graph": {"p50_us": 795.3, "min_us": 735.2, "max_us": 915.9, "cpu_issue_us": 685.5}, "max_err": 0.0}
{"type": "result", "variant": "gm0", "collective": "out_reducescatter", "kind": "rs", "send_bytes_per_rank": 524288, "n_comms": 1, "order": "fwd", "eager": {"p50_us": 122.3, "min_us": 117.2, "max_us": 125.1, "cpu_issue_us": 10.3}, "graph": {"p50_us": 957.6, "min_us": 885.5, "max_us": 1034.9, "cpu_issue_us": 839.9}, "max_err": 0.0}
{"type": "result", "variant": "gm0", "collective": "tp_allreduce", "kind": "ar", "send_bytes_per_rank": 98304, "n_comms": 1, "order": "fwd", "eager": {"p50_us": 96.7, "min_us": 88.7, "max_us": 107.2, "cpu_issue_us": 10.3}, "graph": {"p50_us": 903.2, "min_us": 795.2, "max_us": 969.6, "cpu_issue_us": 766.7}, "max_err": 0.0}
{"type": "result", "variant": "gm0", "collective": "q_allgather", "kind": "ag", "send_bytes_per_rank": 147456, "n_comms": 4, "order": "fwd", "eager": {"p50_us": 146.4, "min_us": 138.8, "max_us": 164.7, "cpu_issue_us": 38.3}, "graph": {"p50_us": 768.8, "min_us": 693.2, "max_us": 782.7, "cpu_issue_us": 724.6}, "max_err": 0.0}
{"type": "result", "variant": "gm0", "collective": "lse_allgather", "kind": "ag", "send_bytes_per_rank": 512, "n_comms": 4, "order": "fwd", "eager": {"p50_us": 88.2, "min_us": 82.3, "max_us": 106.0, "cpu_issue_us": 88.1}, "graph": {"p50_us": 725.1, "min_us": 686.9, "max_us": 841.3, "cpu_issue_us": 680.8}, "max_err": 0.0}
{"type": "result", "variant": "gm0", "collective": "indexer_allgather", "kind": "ag", "send_bytes_per_rank": 32768, "n_comms": 4, "order": "fwd", "eager": {"p50_us": 81.4, "min_us": 78.7, "max_us": 89.0, "cpu_issue_us": 78.1}, "graph": {"p50_us": 825.0, "min_us": 715.2, "max_us": 869.4, "cpu_issue_us": 790.5}, "max_err": 0.0}
{"type": "result", "variant": "gm0", "collective": "out_reducescatter", "kind": "rs", "send_bytes_per_rank": 524288, "n_comms": 4, "order": "fwd", "eager": {"p50_us": 118.3, "min_us": 115.9, "max_us": 124.9, "cpu_issue_us": 80.8}, "graph": {"p50_us": 833.6, "min_us": 763.7, "max_us": 865.8, "cpu_issue_us": 796.6}, "max_err": 0.0}
{"type": "result", "variant": "gm0", "collective": "tp_allreduce", "kind": "ar", "send_bytes_per_rank": 98304, "n_comms": 4, "order": "fwd", "eager": {"p50_us": 100.0, "min_us": 93.0, "max_us": 103.3, "cpu_issue_us": 79.6}, "graph": {"p50_us": 875.7, "min_us": 756.0, "max_us": 911.1, "cpu_issue_us": 829.0}, "max_err": 0.0}
{"type": "result", "variant": "gm0", "collective": "q_allgather", "kind": "ag", "send_bytes_per_rank": 147456, "n_comms": 4, "order": "alt", "eager": {"p50_us": 143.8, "min_us": 136.3, "max_us": 145.9, "cpu_issue_us": 37.5}, "graph": {"p50_us": 807.6, "min_us": 740.2, "max_us": 823.9, "cpu_issue_us": 766.4}, "max_err": 0.0}
{"type": "result", "variant": "gm0", "collective": "lse_allgather", "kind": "ag", "send_bytes_per_rank": 512, "n_comms": 4, "order": "alt", "eager": {"p50_us": 63.9, "min_us": 55.6, "max_us": 82.9, "cpu_issue_us": 36.4}, "graph": {"p50_us": 644.0, "min_us": 606.6, "max_us": 731.6, "cpu_issue_us": 608.9}, "max_err": 0.0}
{"type": "result", "variant": "gm0", "collective": "indexer_allgather", "kind": "ag", "send_bytes_per_rank": 32768, "n_comms": 4, "order": "alt", "eager": {"p50_us": 78.4, "min_us": 69.3, "max_us": 100.3, "cpu_issue_us": 37.0}, "graph": {"p50_us": 782.8, "min_us": 671.5, "max_us": 879.3, "cpu_issue_us": 728.3}, "max_err": 0.0}
{"type": "result", "variant": "gm0", "collective": "out_reducescatter", "kind": "rs", "send_bytes_per_rank": 524288, "n_comms": 4, "order": "alt", "eager": {"p50_us": 117.8, "min_us": 112.9, "max_us": 136.8, "cpu_issue_us": 37.4}, "graph": {"p50_us": 744.8, "min_us": 659.8, "max_us": 811.5, "cpu_issue_us": 707.6}, "max_err": 0.0}
{"type": "result", "variant": "gm0", "collective": "tp_allreduce", "kind": "ar", "send_bytes_per_rank": 98304, "n_comms": 4, "order": "alt", "eager": {"p50_us": 92.4, "min_us": 86.9, "max_us": 98.8, "cpu_issue_us": 37.3}, "graph": {"p50_us": 768.2, "min_us": 726.2, "max_us": 867.5, "cpu_issue_us": 728.3}, "max_err": 0.0}
{"type": "result", "variant": "gm0", "collective": "q_allgather", "kind": "ag", "send_bytes_per_rank": 147456, "n_comms": 8, "order": "fwd", "eager": {"p50_us": 179.7, "min_us": 176.5, "max_us": 185.5, "cpu_issue_us": 82.5}, "graph": {"p50_us": 858.9, "min_us": 820.0, "max_us": 904.2, "cpu_issue_us": 828.7}, "max_err": 0.0}
{"type": "result", "variant": "gm0", "collective": "lse_allgather", "kind": "ag", "send_bytes_per_rank": 512, "n_comms": 8, "order": "fwd", "eager": {"p50_us": 162.7, "min_us": 150.4, "max_us": 167.5, "cpu_issue_us": 158.0}, "graph": {"p50_us": 801.4, "min_us": 685.7, "max_us": 836.9, "cpu_issue_us": 778.1}, "max_err": 0.0}
{"type": "result", "variant": "gm0", "collective": "indexer_allgather", "kind": "ag", "send_bytes_per_rank": 32768, "n_comms": 8, "order": "fwd", "eager": {"p50_us": 161.5, "min_us": 152.6, "max_us": 179.4, "cpu_issue_us": 154.0}, "graph": {"p50_us": 789.7, "min_us": 733.1, "max_us": 852.1, "cpu_issue_us": 757.1}, "max_err": 0.0}
{"type": "result", "variant": "gm0", "collective": "out_reducescatter", "kind": "rs", "send_bytes_per_rank": 524288, "n_comms": 8, "order": "fwd", "eager": {"p50_us": 181.7, "min_us": 164.6, "max_us": 186.7, "cpu_issue_us": 165.6}, "graph": {"p50_us": 863.2, "min_us": 800.2, "max_us": 926.3, "cpu_issue_us": 831.2}, "max_err": 0.0}
{"type": "result", "variant": "gm0", "collective": "tp_allreduce", "kind": "ar", "send_bytes_per_rank": 98304, "n_comms": 8, "order": "fwd", "eager": {"p50_us": 175.9, "min_us": 171.7, "max_us": 187.5, "cpu_issue_us": 160.7}, "graph": {"p50_us": 829.9, "min_us": 789.1, "max_us": 915.7, "cpu_issue_us": 805.8}, "max_err": 0.0}
{"type": "result", "variant": "gm0", "collective": "q_allgather", "kind": "ag", "send_bytes_per_rank": 147456, "n_comms": 8, "order": "alt", "eager": {"p50_us": 200.9, "min_us": 192.3, "max_us": 211.1, "cpu_issue_us": 83.8}, "graph": {"p50_us": 937.4, "min_us": 873.4, "max_us": 998.8, "cpu_issue_us": 911.3}, "max_err": 0.0}
{"type": "result", "variant": "gm0", "collective": "lse_allgather", "kind": "ag", "send_bytes_per_rank": 512, "n_comms": 8, "order": "alt", "eager": {"p50_us": 164.2, "min_us": 157.4, "max_us": 179.5, "cpu_issue_us": 81.1}, "graph": {"p50_us": 789.8, "min_us": 741.2, "max_us": 923.2, "cpu_issue_us": 765.8}, "max_err": 0.0}
{"type": "result", "variant": "gm0", "collective": "indexer_allgather", "kind": "ag", "send_bytes_per_rank": 32768, "n_comms": 8, "order": "alt", "eager": {"p50_us": 165.3, "min_us": 160.8, "max_us": 187.8, "cpu_issue_us": 81.4}, "graph": {"p50_us": 853.3, "min_us": 818.5, "max_us": 882.8, "cpu_issue_us": 824.8}, "max_err": 0.0}
{"type": "result", "variant": "gm0", "collective": "out_reducescatter", "kind": "rs", "send_bytes_per_rank": 524288, "n_comms": 8, "order": "alt", "eager": {"p50_us": 200.0, "min_us": 188.0, "max_us": 206.5, "cpu_issue_us": 82.5}, "graph": {"p50_us": 858.7, "min_us": 792.7, "max_us": 905.2, "cpu_issue_us": 834.7}, "max_err": 0.0}
{"type": "result", "variant": "gm0", "collective": "tp_allreduce", "kind": "ar", "send_bytes_per_rank": 98304, "n_comms": 8, "order": "alt", "eager": {"p50_us": 189.5, "min_us": 178.3, "max_us": 195.8, "cpu_issue_us": 158.9}, "graph": {"p50_us": 901.4, "min_us": 810.6, "max_us": 978.0, "cpu_issue_us": 874.9}, "max_err": 0.0}
{"type": "done", "variant": "gm0"}
NCCL version 2.31.2+cuda13.0
