07:42:45 off1-k7 SUMMARY off1-k7|n1|code              rounds 1 agg median 34.9 mean 34.9 tok/s, tok/cycle 4.44
07:42:45 off1-k7 SUMMARY off1-k7|n1|prose             rounds 1 agg median 16.6 mean 16.6 tok/s, tok/cycle 2.02
07:42:45 off1-k7 SUMMARY off1-k7|n4|code              rounds 1 agg median 64.5 mean 64.5 tok/s, tok/cycle 4.56
07:42:45 off1-k7 SUMMARY off1-k7|n4|prose             rounds 1 agg median 35.3 mean 35.3 tok/s, tok/cycle 2.26
off1 K=7 {'n1_k3_ctx0': (93.97, 1), 'n1_k7_ctx0': (124.37, 375), 'n3_k7_ctx0': (222.64, 49), 'n4_k7_ctx0': (263.53, 240)}
07:45:40 off1-k1 SUMMARY off1-k1|n1|code              rounds 1 agg median 23.5 mean 23.5 tok/s, tok/cycle 1.87
07:45:40 off1-k1 SUMMARY off1-k1|n1|prose             rounds 1 agg median 20.1 mean 20.1 tok/s, tok/cycle 1.65
07:45:40 off1-k1 SUMMARY off1-k1|n4|code              rounds 1 agg median 52.9 mean 52.9 tok/s, tok/cycle 1.91
07:45:40 off1-k1 SUMMARY off1-k1|n4|prose             rounds 1 agg median 47.2 mean 47.2 tok/s, tok/cycle 1.63
off1 K=1 {'n1_k1_ctx0': (79.44, 400), 'n1_k7_ctx0': (127.37, 1), 'n2_k1_ctx0': (99.33, 1), 'n3_k1_ctx0': (121.2, 37), 'n4_k1_ctx0': (141.54, 400)}
07:48:42 bcd1-k7 SUMMARY bcd1-k7|n1|code              rounds 1 agg median 37.8 mean 37.8 tok/s, tok/cycle 4.58
07:48:42 bcd1-k7 SUMMARY bcd1-k7|n1|prose             rounds 1 agg median 17.8 mean 17.8 tok/s, tok/cycle 2.00
07:48:42 bcd1-k7 SUMMARY bcd1-k7|n4|code              rounds 1 agg median 66.8 mean 66.8 tok/s, tok/cycle 4.69
07:48:42 bcd1-k7 SUMMARY bcd1-k7|n4|prose             rounds 1 agg median 34.5 mean 34.5 tok/s, tok/cycle 2.22
bcd1 K=7 {'n1_k1_ctx0': (72.66, 1), 'n1_k7_ctx0': (117.83, 348), 'n2_k7_ctx0': (172.07, 21), 'n3_k7_ctx0': (219.88, 31), 'n4_k7_ctx0': (259.59, 243)}
07:51:29 bcd1-k1 SUMMARY bcd1-k1|n1|code              rounds 1 agg median 25.8 mean 25.8 tok/s, tok/cycle 1.91
07:51:29 bcd1-k1 SUMMARY bcd1-k1|n1|prose             rounds 1 agg median 21.6 mean 21.6 tok/s, tok/cycle 1.62
07:51:29 bcd1-k1 SUMMARY bcd1-k1|n4|code              rounds 1 agg median 54.8 mean 54.8 tok/s, tok/cycle 1.90
07:51:29 bcd1-k1 SUMMARY bcd1-k1|n4|prose             rounds 1 agg median 49.6 mean 49.6 tok/s, tok/cycle 1.65
bcd1 K=1 {'n1_k1_ctx0': (74.1, 400), 'n1_k7_ctx0': (113.83, 1), 'n2_k1_ctx0': (96.01, 16), 'n3_k1_ctx0': (117.17, 12), 'n4_k1_ctx0': (136.26, 400)}
07:54:25 bcd2-k7 SUMMARY bcd2-k7|n1|code              rounds 1 agg median 37.8 mean 37.8 tok/s, tok/cycle 4.62
07:54:25 bcd2-k7 SUMMARY bcd2-k7|n1|prose             rounds 1 agg median 19.9 mean 19.9 tok/s, tok/cycle 2.25
07:54:25 bcd2-k7 SUMMARY bcd2-k7|n4|code              rounds 1 agg median 71.5 mean 71.5 tok/s, tok/cycle 4.80
07:54:25 bcd2-k7 SUMMARY bcd2-k7|n4|prose             rounds 1 agg median 34.8 mean 34.8 tok/s, tok/cycle 2.22
bcd2 K=7 {'n1_k1_ctx0': (73.03, 1), 'n1_k7_ctx0': (117.01, 332), 'n2_k7_ctx0': (172.34, 9), 'n3_k7_ctx0': (220.62, 28), 'n4_k7_ctx0': (261.46, 262)}
07:57:10 bcd2-k1 SUMMARY bcd2-k1|n1|code              rounds 1 agg median 25.6 mean 25.6 tok/s, tok/cycle 1.90
07:57:10 bcd2-k1 SUMMARY bcd2-k1|n1|prose             rounds 1 agg median 21.7 mean 21.7 tok/s, tok/cycle 1.61
07:57:10 bcd2-k1 SUMMARY bcd2-k1|n4|code              rounds 1 agg median 55.2 mean 55.2 tok/s, tok/cycle 1.91
07:57:10 bcd2-k1 SUMMARY bcd2-k1|n4|prose             rounds 1 agg median 50.7 mean 50.7 tok/s, tok/cycle 1.68
bcd2 K=1 {'n1_k1_ctx0': (73.88, 400), 'n1_k7_ctx0': (115.28, 1), 'n2_k1_ctx0': (96.97, 3), 'n3_k1_ctx0': (116.88, 32), 'n4_k1_ctx0': (136.47, 400)}
08:00:18 off2-k7 SUMMARY off2-k7|n1|code              rounds 1 agg median 31.0 mean 31.0 tok/s, tok/cycle 3.93
08:00:18 off2-k7 SUMMARY off2-k7|n1|prose             rounds 1 agg median 17.6 mean 17.6 tok/s, tok/cycle 2.08
08:00:18 off2-k7 SUMMARY off2-k7|n4|code              rounds 1 agg median 63.0 mean 63.0 tok/s, tok/cycle 4.57
08:00:18 off2-k7 SUMMARY off2-k7|n4|prose             rounds 1 agg median 33.9 mean 33.9 tok/s, tok/cycle 2.22
off2 K=7 {'n1_k1_ctx0': (78.18, 1), 'n1_k7_ctx0': (123.55, 350), 'n2_k7_ctx0': (178.99, 13), 'n3_k7_ctx0': (224.65, 35), 'n4_k7_ctx0': (264.51, 229)}
08:03:12 off2-k1 SUMMARY off2-k1|n1|code              rounds 1 agg median 23.7 mean 23.7 tok/s, tok/cycle 1.89
08:03:12 off2-k1 SUMMARY off2-k1|n1|prose             rounds 1 agg median 20.2 mean 20.2 tok/s, tok/cycle 1.62
08:03:12 off2-k1 SUMMARY off2-k1|n4|code              rounds 1 agg median 53.0 mean 53.0 tok/s, tok/cycle 1.92
08:03:12 off2-k1 SUMMARY off2-k1|n4|prose             rounds 1 agg median 47.1 mean 47.1 tok/s, tok/cycle 1.65
off2 K=1 {'n1_k1_ctx0': (79.49, 400), 'n1_k7_ctx0': (122.3, 1), 'n2_k1_ctx0': (100.89, 2), 'n3_k1_ctx0': (120.61, 11), 'n4_k1_ctx0': (141.86, 400)}
ARMS-DONE
